Archive member included to satisfy reference by file (symbol)

contiki-native.a(contiki-main.o)
                              /usr/lib/gcc/i686-linux-gnu/5/../../../i386-linux-gnu/crt1.o (main)
contiki-native.a(leds.o)      Node1.co (leds_toggle)
contiki-native.a(leds-arch.o)
                              contiki-native.a(leds.o) (leds_arch_init)
contiki-native.a(button-sensor.o)
                              Node1.co (button_sensor)
contiki-native.a(pir-sensor.o)
                              contiki-native.a(contiki-main.o) (pir_sensor)
contiki-native.a(vib-sensor.o)
                              contiki-native.a(contiki-main.o) (vib_sensor)
contiki-native.a(sensors.o)   Node1.co (sensors_event)
contiki-native.a(autostart.o)
                              contiki-native.a(contiki-main.o) (autostart_start)
contiki-native.a(ctimer.o)    contiki-native.a(contiki-main.o) (ctimer_init)
contiki-native.a(etimer.o)    contiki-native.a(contiki-main.o) (etimer_process)
contiki-native.a(process.o)   contiki-native.a(ctimer.o) (process_current)
contiki-native.a(rtimer.o)    contiki-native.a(contiki-main.o) (rtimer_init)
contiki-native.a(timer.o)     contiki-native.a(etimer.o) (timer_set)
contiki-native.a(serial-line.o)
                              contiki-native.a(contiki-main.o) (serial_line_input_byte)
contiki-native.a(ringbuf.o)   contiki-native.a(serial-line.o) (ringbuf_init)
contiki-native.a(list.o)      contiki-native.a(ctimer.o) (list_init)
contiki-native.a(rime.o)      contiki-native.a(contiki-main.o) (rime_driver)
contiki-native.a(broadcast-annou)
                              contiki-native.a(rime.o) (broadcast_announcement_init)
contiki-native.a(announcement.o)
                              contiki-native.a(rime.o) (announcement_init)
contiki-native.a(runicast.o)  Node1.co (runicast_open)
contiki-native.a(stunicast.o)
                              contiki-native.a(runicast.o) (stunicast_open)
contiki-native.a(chameleon.o)
                              contiki-native.a(rime.o) (chameleon_init)
contiki-native.a(channel.o)   contiki-native.a(chameleon.o) (channel_init)
contiki-native.a(broadcast.o)
                              Node1.co (broadcast_open)
contiki-native.a(unicast.o)   contiki-native.a(stunicast.o) (unicast_open)
contiki-native.a(abc.o)       contiki-native.a(broadcast.o) (abc_open)
contiki-native.a(queuebuf.o)  contiki-native.a(rime.o) (queuebuf_init)
contiki-native.a(packetbuf.o)
                              contiki-native.a(rime.o) (packetbuf_clear)
contiki-native.a(netstack.o)  contiki-native.a(contiki-main.o) (netstack_init)
contiki-native.a(linkaddr.o)  contiki-native.a(broadcast.o) (linkaddr_node_addr)
contiki-native.a(nullmac.o)   contiki-native.a(contiki-main.o) (nullmac_driver)
contiki-native.a(nullrdc.o)   contiki-native.a(contiki-main.o) (nullrdc_driver)
contiki-native.a(nullsec.o)   contiki-native.a(rime.o) (nullsec_driver)
contiki-native.a(clock.o)     contiki-native.a(etimer.o) (clock_time)
contiki-native.a(rtimer-arch.o)
                              contiki-native.a(rtimer.o) (rtimer_arch_init)
contiki-native.a(nullradio.o)
                              contiki-native.a(netstack.o) (nullradio_driver)
contiki-native.a(memb.o)      contiki-native.a(queuebuf.o) (memb_init)
contiki-native.a(random.o)    contiki-native.a(broadcast-annou) (random_rand)
contiki-native.a(chameleon-bitop)
                              contiki-native.a(chameleon.o) (chameleon_bitopt)
contiki-native.a(framer-nullmac.)
                              contiki-native.a(nullrdc.o) (framer_nullmac)
contiki-native.a(mac.o)       contiki-native.a(nullrdc.o) (mac_call_sent_callback)
/usr/lib/i386-linux-gnu/libc_nonshared.a(elf-init.oS)
                              /usr/lib/gcc/i686-linux-gnu/5/../../../i386-linux-gnu/crt1.o (__libc_csu_init)

Allocating common symbols
Common symbol       size              file

linkaddr_node_addr  0x2               contiki-native.a(linkaddr.o)
serial_line_event_message
                    0x1               contiki-native.a(serial-line.o)
packetbuf_attrs     0x34              contiki-native.a(packetbuf.o)
contiki_argv        0x4               contiki-native.a(contiki-main.o)
sensors_event       0x1               contiki-native.a(sensors.o)
packetbuf_addrs     0x8               contiki-native.a(packetbuf.o)
sensors_flags       0x4               contiki-native.a(contiki-main.o)

Discarded input sections

 .note.GNU-stack
                0x0000000000000000        0x0 /usr/lib/gcc/i686-linux-gnu/5/../../../i386-linux-gnu/crt1.o
 .note.GNU-stack
                0x0000000000000000        0x0 /usr/lib/gcc/i686-linux-gnu/5/../../../i386-linux-gnu/crti.o
 .note.GNU-stack
                0x0000000000000000        0x0 /usr/lib/gcc/i686-linux-gnu/5/crtbegin.o
 .note.GNU-stack
                0x0000000000000000        0x0 Node1.co
 .note.GNU-stack
                0x0000000000000000        0x0 contiki-native.a(contiki-main.o)
 .note.GNU-stack
                0x0000000000000000        0x0 contiki-native.a(leds.o)
 .note.GNU-stack
                0x0000000000000000        0x0 contiki-native.a(leds-arch.o)
 .note.GNU-stack
                0x0000000000000000        0x0 contiki-native.a(button-sensor.o)
 .note.GNU-stack
                0x0000000000000000        0x0 contiki-native.a(pir-sensor.o)
 .note.GNU-stack
                0x0000000000000000        0x0 contiki-native.a(vib-sensor.o)
 .note.GNU-stack
                0x0000000000000000        0x0 contiki-native.a(sensors.o)
 .note.GNU-stack
                0x0000000000000000        0x0 contiki-native.a(autostart.o)
 .note.GNU-stack
                0x0000000000000000        0x0 contiki-native.a(ctimer.o)
 .note.GNU-stack
                0x0000000000000000        0x0 contiki-native.a(etimer.o)
 .note.GNU-stack
                0x0000000000000000        0x0 contiki-native.a(process.o)
 .note.GNU-stack
                0x0000000000000000        0x0 contiki-native.a(rtimer.o)
 .note.GNU-stack
                0x0000000000000000        0x0 contiki-native.a(timer.o)
 .note.GNU-stack
                0x0000000000000000        0x0 contiki-native.a(serial-line.o)
 .note.GNU-stack
                0x0000000000000000        0x0 contiki-native.a(ringbuf.o)
 .note.GNU-stack
                0x0000000000000000        0x0 contiki-native.a(list.o)
 .note.GNU-stack
                0x0000000000000000        0x0 contiki-native.a(rime.o)
 .note.GNU-stack
                0x0000000000000000        0x0 contiki-native.a(broadcast-annou)
 .note.GNU-stack
                0x0000000000000000        0x0 contiki-native.a(announcement.o)
 .note.GNU-stack
                0x0000000000000000        0x0 contiki-native.a(runicast.o)
 .note.GNU-stack
                0x0000000000000000        0x0 contiki-native.a(stunicast.o)
 .note.GNU-stack
                0x0000000000000000        0x0 contiki-native.a(chameleon.o)
 .note.GNU-stack
                0x0000000000000000        0x0 contiki-native.a(channel.o)
 .note.GNU-stack
                0x0000000000000000        0x0 contiki-native.a(broadcast.o)
 .note.GNU-stack
                0x0000000000000000        0x0 contiki-native.a(unicast.o)
 .note.GNU-stack
                0x0000000000000000        0x0 contiki-native.a(abc.o)
 .note.GNU-stack
                0x0000000000000000        0x0 contiki-native.a(queuebuf.o)
 .note.GNU-stack
                0x0000000000000000        0x0 contiki-native.a(packetbuf.o)
 .note.GNU-stack
                0x0000000000000000        0x0 contiki-native.a(netstack.o)
 .note.GNU-stack
                0x0000000000000000        0x0 contiki-native.a(linkaddr.o)
 .note.GNU-stack
                0x0000000000000000        0x0 contiki-native.a(nullmac.o)
 .note.GNU-stack
                0x0000000000000000        0x0 contiki-native.a(nullrdc.o)
 .note.GNU-stack
                0x0000000000000000        0x0 contiki-native.a(nullsec.o)
 .note.GNU-stack
                0x0000000000000000        0x0 contiki-native.a(clock.o)
 .note.GNU-stack
                0x0000000000000000        0x0 contiki-native.a(rtimer-arch.o)
 .note.GNU-stack
                0x0000000000000000        0x0 contiki-native.a(nullradio.o)
 .note.GNU-stack
                0x0000000000000000        0x0 contiki-native.a(memb.o)
 .note.GNU-stack
                0x0000000000000000        0x0 contiki-native.a(random.o)
 .note.GNU-stack
                0x0000000000000000        0x0 contiki-native.a(chameleon-bitop)
 .note.GNU-stack
                0x0000000000000000        0x0 contiki-native.a(framer-nullmac.)
 .note.GNU-stack
                0x0000000000000000        0x0 contiki-native.a(mac.o)
 .group         0x0000000000000000        0x8 /usr/lib/i386-linux-gnu/libc_nonshared.a(elf-init.oS)
 .text.__x86.get_pc_thunk.bx
                0x0000000000000000        0x4 /usr/lib/i386-linux-gnu/libc_nonshared.a(elf-init.oS)
 .note.GNU-stack
                0x0000000000000000        0x0 /usr/lib/i386-linux-gnu/libc_nonshared.a(elf-init.oS)
 .note.GNU-stack
                0x0000000000000000        0x0 /usr/lib/gcc/i686-linux-gnu/5/crtend.o
 .note.GNU-stack
                0x0000000000000000        0x0 /usr/lib/gcc/i686-linux-gnu/5/../../../i386-linux-gnu/crtn.o

Memory Configuration

Name             Origin             Length             Attributes
*default*        0x0000000000000000 0xffffffffffffffff

Linker script and memory map

LOAD /usr/lib/gcc/i686-linux-gnu/5/../../../i386-linux-gnu/crt1.o
LOAD /usr/lib/gcc/i686-linux-gnu/5/../../../i386-linux-gnu/crti.o
LOAD /usr/lib/gcc/i686-linux-gnu/5/crtbegin.o
LOAD Node1.co
LOAD contiki-native.a
LOAD /usr/lib/gcc/i686-linux-gnu/5/../../../i386-linux-gnu/libm.so
LOAD /usr/lib/gcc/i686-linux-gnu/5/../../../i386-linux-gnu/libncurses.so
LOAD /lib/i386-linux-gnu/libncurses.so.5
LOAD /usr/lib/gcc/i686-linux-gnu/5/../../../i386-linux-gnu/libtinfo.so
LOAD /usr/lib/gcc/i686-linux-gnu/5/../../../i386-linux-gnu/libm.so
LOAD /usr/lib/gcc/i686-linux-gnu/5/libgcc.a
LOAD /usr/lib/gcc/i686-linux-gnu/5/libgcc_s.so
LOAD /usr/lib/gcc/i686-linux-gnu/5/../../../i386-linux-gnu/libc.so
START GROUP
LOAD /lib/i386-linux-gnu/libc.so.6
LOAD /usr/lib/i386-linux-gnu/libc_nonshared.a
LOAD /lib/i386-linux-gnu/ld-linux.so.2
END GROUP
LOAD /usr/lib/gcc/i686-linux-gnu/5/libgcc.a
LOAD /usr/lib/gcc/i686-linux-gnu/5/libgcc_s.so
LOAD /usr/lib/gcc/i686-linux-gnu/5/crtend.o
LOAD /usr/lib/gcc/i686-linux-gnu/5/../../../i386-linux-gnu/crtn.o
                [!provide]                        PROVIDE (__executable_start, 0x8048000)
                0x0000000008048154                . = (0x8048000 + SIZEOF_HEADERS)

.interp         0x0000000008048154       0x13
 *(.interp)
 .interp        0x0000000008048154       0x13 /usr/lib/gcc/i686-linux-gnu/5/../../../i386-linux-gnu/crt1.o

.note.ABI-tag   0x0000000008048168       0x20
 .note.ABI-tag  0x0000000008048168       0x20 /usr/lib/gcc/i686-linux-gnu/5/../../../i386-linux-gnu/crt1.o

.note.gnu.build-id
                0x0000000008048188       0x24
 *(.note.gnu.build-id)
 .note.gnu.build-id
                0x0000000008048188       0x24 /usr/lib/gcc/i686-linux-gnu/5/../../../i386-linux-gnu/crt1.o

.hash
 *(.hash)

.gnu.hash       0x00000000080481ac      0x7b0
 *(.gnu.hash)
 .gnu.hash      0x00000000080481ac      0x7b0 /usr/lib/gcc/i686-linux-gnu/5/../../../i386-linux-gnu/crt1.o

.dynsym         0x000000000804895c      0xfd0
 *(.dynsym)
 .dynsym        0x000000000804895c      0xfd0 /usr/lib/gcc/i686-linux-gnu/5/../../../i386-linux-gnu/crt1.o

.dynstr         0x000000000804992c      0xe3d
 *(.dynstr)
 .dynstr        0x000000000804992c      0xe3d /usr/lib/gcc/i686-linux-gnu/5/../../../i386-linux-gnu/crt1.o

.gnu.version    0x000000000804a76a      0x1fa
 *(.gnu.version)
 .gnu.version   0x000000000804a76a      0x1fa /usr/lib/gcc/i686-linux-gnu/5/../../../i386-linux-gnu/crt1.o

.gnu.version_d  0x000000000804a964        0x0
 *(.gnu.version_d)
 .gnu.version_d
                0x000000000804a964        0x0 /usr/lib/gcc/i686-linux-gnu/5/../../../i386-linux-gnu/crt1.o

.gnu.version_r  0x000000000804a964       0x30
 *(.gnu.version_r)
 .gnu.version_r
                0x000000000804a964       0x30 /usr/lib/gcc/i686-linux-gnu/5/../../../i386-linux-gnu/crt1.o

.rel.dyn        0x000000000804a994       0x18
 *(.rel.init)
 *(.rel.text .rel.text.* .rel.gnu.linkonce.t.*)
 .rel.text      0x000000000804a994        0x0 /usr/lib/gcc/i686-linux-gnu/5/../../../i386-linux-gnu/crt1.o
 *(.rel.fini)
 *(.rel.rodata .rel.rodata.* .rel.gnu.linkonce.r.*)
 *(.rel.data.rel.ro .rel.data.rel.ro.* .rel.gnu.linkonce.d.rel.ro.*)
 *(.rel.data .rel.data.* .rel.gnu.linkonce.d.*)
 .rel.data      0x000000000804a994        0x0 /usr/lib/gcc/i686-linux-gnu/5/../../../i386-linux-gnu/crt1.o
 *(.rel.tdata .rel.tdata.* .rel.gnu.linkonce.td.*)
 *(.rel.tbss .rel.tbss.* .rel.gnu.linkonce.tb.*)
 *(.rel.ctors)
 *(.rel.dtors)
 *(.rel.got)
 .rel.got       0x000000000804a994        0x8 /usr/lib/gcc/i686-linux-gnu/5/../../../i386-linux-gnu/crt1.o
 *(.rel.bss .rel.bss.* .rel.gnu.linkonce.b.*)
 .rel.bss       0x000000000804a99c       0x10 /usr/lib/gcc/i686-linux-gnu/5/../../../i386-linux-gnu/crt1.o
 *(.rel.ifunc)

.rel.plt        0x000000000804a9ac       0xa0
 *(.rel.plt)
 .rel.plt       0x000000000804a9ac       0xa0 /usr/lib/gcc/i686-linux-gnu/5/../../../i386-linux-gnu/crt1.o
                [!provide]                        PROVIDE (__rel_iplt_start, .)
 *(.rel.iplt)
 .rel.iplt      0x000000000804aa4c        0x0 /usr/lib/gcc/i686-linux-gnu/5/../../../i386-linux-gnu/crt1.o
                [!provide]                        PROVIDE (__rel_iplt_end, .)

.init           0x000000000804aa4c       0x23
 *(SORT(.init))
 .init          0x000000000804aa4c       0x1e /usr/lib/gcc/i686-linux-gnu/5/../../../i386-linux-gnu/crti.o
                0x000000000804aa4c                _init
 .init          0x000000000804aa6a        0x5 /usr/lib/gcc/i686-linux-gnu/5/../../../i386-linux-gnu/crtn.o

.plt            0x000000000804aa70      0x150
 *(.plt)
 .plt           0x000000000804aa70      0x150 /usr/lib/gcc/i686-linux-gnu/5/../../../i386-linux-gnu/crt1.o
                0x000000000804aa80                setitimer@@GLIBC_2.0
                0x000000000804aa90                read@@GLIBC_2.0
                0x000000000804aaa0                printf@@GLIBC_2.0
                0x000000000804aab0                memcpy@@GLIBC_2.0
                0x000000000804aac0                signal@@GLIBC_2.0
                0x000000000804aad0                memcmp@@GLIBC_2.0
                0x000000000804aae0                gettimeofday@@GLIBC_2.0
                0x000000000804aaf0                select@@GLIBC_2.0
                0x000000000804ab00                __stack_chk_fail@@GLIBC_2.4
                0x000000000804ab10                perror@@GLIBC_2.0
                0x000000000804ab20                puts@@GLIBC_2.0
                0x000000000804ab30                srand@@GLIBC_2.0
                0x000000000804ab40                strlen@@GLIBC_2.0
                0x000000000804ab50                __libc_start_main@@GLIBC_2.0
                0x000000000804ab60                fprintf@@GLIBC_2.0
                0x000000000804ab70                setvbuf@@GLIBC_2.0
                0x000000000804ab80                memset@@GLIBC_2.0
                0x000000000804ab90                __errno_location@@GLIBC_2.0
                0x000000000804aba0                rand@@GLIBC_2.0
                0x000000000804abb0                strncmp@@GLIBC_2.0
 *(.iplt)
 .iplt          0x000000000804abc0        0x0 /usr/lib/gcc/i686-linux-gnu/5/../../../i386-linux-gnu/crt1.o

.plt.got        0x000000000804abc0        0x8
 *(.plt.got)
 .plt.got       0x000000000804abc0        0x8 /usr/lib/gcc/i686-linux-gnu/5/../../../i386-linux-gnu/crt1.o

.text           0x000000000804abd0     0x4ea2
 *(.text.unlikely .text.*_unlikely .text.unlikely.*)
 .text.unlikely
                0x000000000804abd0        0x0 /usr/lib/gcc/i686-linux-gnu/5/crtbegin.o
 .text.unlikely
                0x000000000804abd0        0x0 /usr/lib/i386-linux-gnu/libc_nonshared.a(elf-init.oS)
 *(.text.exit .text.exit.*)
 *(.text.startup .text.startup.*)
 *(.text.hot .text.hot.*)
 *(.text .stub .text.* .gnu.linkonce.t.*)
 .text          0x000000000804abd0       0x22 /usr/lib/gcc/i686-linux-gnu/5/../../../i386-linux-gnu/crt1.o
                0x000000000804abd0                _start
 .text          0x000000000804abf2        0x0 /usr/lib/gcc/i686-linux-gnu/5/../../../i386-linux-gnu/crti.o
 *fill*         0x000000000804abf2        0xe 
 .gnu.linkonce.t.__x86.get_pc_thunk.bx
                0x000000000804ac00        0x4 /usr/lib/gcc/i686-linux-gnu/5/../../../i386-linux-gnu/crti.o
                0x000000000804ac00                __x86.get_pc_thunk.bx
 *fill*         0x000000000804ac04        0xc 
 .text          0x000000000804ac10       0xbb /usr/lib/gcc/i686-linux-gnu/5/crtbegin.o
 .text          0x000000000804accb      0x821 Node1.co
 .text          0x000000000804b4ec      0x4ef contiki-native.a(contiki-main.o)
                0x000000000804b4ec                select_set_callback
                0x000000000804b70c                main
                0x000000000804b997                log_message
                0x000000000804b9b9                uip_log
 .text          0x000000000804b9db      0x15b contiki-native.a(leds.o)
                0x000000000804ba31                leds_init
                0x000000000804ba46                leds_blink
                0x000000000804ba8b                leds_get
                0x000000000804ba98                leds_set
                0x000000000804bab7                leds_on
                0x000000000804badf                leds_off
                0x000000000804bb0e                leds_toggle
 .text          0x000000000804bb36       0x31 contiki-native.a(leds-arch.o)
                0x000000000804bb36                leds_arch_init
                0x000000000804bb43                leds_arch_get
                0x000000000804bb4f                leds_arch_set
 .text          0x000000000804bb67       0x37 contiki-native.a(button-sensor.o)
                0x000000000804bb67                button_press
 .text          0x000000000804bb9e       0x47 contiki-native.a(pir-sensor.o)
                0x000000000804bb9e                pir_sensor_changed
 .text          0x000000000804bbe5       0x44 contiki-native.a(vib-sensor.o)
                0x000000000804bbe5                vib_sensor_changed
 .text          0x000000000804bc29      0x29c contiki-native.a(sensors.o)
                0x000000000804bc64                sensors_first
                0x000000000804bc6e                sensors_next
                0x000000000804bc88                sensors_changed
                0x000000000804bcbc                sensors_find
 .text          0x000000000804bec5       0x92 contiki-native.a(autostart.o)
                0x000000000804bec5                autostart_start
                0x000000000804bf0f                autostart_exit
 .text          0x000000000804bf57      0x355 contiki-native.a(ctimer.o)
                0x000000000804c07f                ctimer_init
                0x000000000804c0b2                ctimer_set
                0x000000000804c0d8                ctimer_set_with_process
                0x000000000804c155                ctimer_reset
                0x000000000804c1a9                ctimer_restart
                0x000000000804c1fd                ctimer_stop
                0x000000000804c24d                ctimer_expired
 .text          0x000000000804c2ac      0x43f contiki-native.a(etimer.o)
                0x000000000804c4d0                etimer_request_poll
                0x000000000804c559                etimer_set
                0x000000000804c582                etimer_reset_with_new_interval
                0x000000000804c5b1                etimer_reset
                0x000000000804c5d7                etimer_restart
                0x000000000804c5fd                etimer_adjust
                0x000000000804c61a                etimer_expired
                0x000000000804c62d                etimer_expiration_time
                0x000000000804c63f                etimer_start_time
                0x000000000804c649                etimer_pending
                0x000000000804c65b                etimer_next_expiration_time
                0x000000000804c675                etimer_stop
 .text          0x000000000804c6eb      0x4fb contiki-native.a(process.o)
                0x000000000804c6eb                process_alloc_event
                0x000000000804c700                process_start
                0x000000000804c8da                process_exit
                0x000000000804c8f7                process_init
                0x000000000804ca8c                process_run
                0x000000000804cabf                process_nevents
                0x000000000804cada                process_post
                0x000000000804cb6d                process_post_synch
                0x000000000804cba2                process_poll
                0x000000000804cbd2                process_is_running
 .text          0x000000000804cbe6       0xdc contiki-native.a(rtimer.o)
                0x000000000804cbe6                rtimer_init
                0x000000000804cbf4                rtimer_set
                0x000000000804cc60                rtimer_run_next
 .text          0x000000000804ccc2       0x9c contiki-native.a(timer.o)
                0x000000000804ccc2                timer_set
                0x000000000804cce0                timer_reset
                0x000000000804ccf8                timer_restart
                0x000000000804cd0d                timer_expired
                0x000000000804cd3a                timer_remaining
 .text          0x000000000804cd5e      0x1eb contiki-native.a(serial-line.o)
                0x000000000804cd5e                serial_line_input_byte
                0x000000000804cf14                serial_line_init
 .text          0x000000000804cf49      0x156 contiki-native.a(ringbuf.o)
                0x000000000804cf49                ringbuf_init
                0x000000000804cf7b                ringbuf_put
                0x000000000804cff9                ringbuf_get
                0x000000000804d066                ringbuf_size
                0x000000000804d078                ringbuf_elements
 .text          0x000000000804d09f      0x24a contiki-native.a(list.o)
                0x000000000804d09f                list_init
                0x000000000804d0ae                list_head
                0x000000000804d0b8                list_copy
                0x000000000804d0c8                list_tail
                0x000000000804d0fe                list_add
                0x000000000804d14a                list_push
                0x000000000804d176                list_chop
                0x000000000804d1e0                list_pop
                0x000000000804d208                list_remove
                0x000000000804d270                list_length
                0x000000000804d29e                list_insert
                0x000000000804d2d2                list_item_next
 .text          0x000000000804d2e9      0x194 contiki-native.a(rime.o)
                0x000000000804d2e9                rime_sniffer_add
                0x000000000804d306                rime_sniffer_remove
                0x000000000804d43d                rime_output
 .text          0x000000000804d47d      0x2ca contiki-native.a(broadcast-annou)
                0x000000000804d6b2                broadcast_announcement_init
                0x000000000804d704                broadcast_announcement_stop
                0x000000000804d73d                broadcast_announcement_beacon_interval
 .text          0x000000000804d747      0x27c contiki-native.a(announcement.o)
                0x000000000804d747                announcement_init
                0x000000000804d761                announcement_register
                0x000000000804d7df                announcement_remove
                0x000000000804d7fc                announcement_remove_value
                0x000000000804d835                announcement_set_value
                0x000000000804d8a1                announcement_bump
                0x000000000804d8f2                announcement_listen
                0x000000000804d914                announcement_register_listen_callback
                0x000000000804d922                announcement_register_observer_callback
                0x000000000804d930                announcement_list
                0x000000000804d949                announcement_heard
 .text          0x000000000804d9c3      0x37e contiki-native.a(runicast.o)
                0x000000000804dc13                runicast_open
                0x000000000804dc6f                runicast_close
                0x000000000804dc87                runicast_is_transmitting
                0x000000000804dc93                runicast_send
 .text          0x000000000804dd41      0x219 contiki-native.a(stunicast.o)
                0x000000000804dd9a                stunicast_open
                0x000000000804ddcc                stunicast_close
                0x000000000804ddf2                stunicast_receiver
                0x000000000804de50                stunicast_set_timer
                0x000000000804de73                stunicast_send_stubborn
                0x000000000804deff                stunicast_send
                0x000000000804df19                stunicast_cancel
 .text          0x000000000804df5a       0xa5 contiki-native.a(chameleon.o)
                0x000000000804df5a                chameleon_init
                0x000000000804df68                chameleon_parse
                0x000000000804dfa2                chameleon_create
                0x000000000804dfe7                chameleon_hdrsize
 .text          0x000000000804dfff      0x101 contiki-native.a(channel.o)
                0x000000000804dfff                channel_init
                0x000000000804e019                channel_set_attributes
                0x000000000804e061                channel_open
                0x000000000804e090                channel_close
                0x000000000804e0ad                channel_lookup
 .text          0x000000000804e100      0x12f contiki-native.a(broadcast.o)
                0x000000000804e1a7                broadcast_open
                0x000000000804e1ee                broadcast_close
                0x000000000804e206                broadcast_send
 .text          0x000000000804e22f      0x10f contiki-native.a(unicast.o)
                0x000000000804e2b8                unicast_open
                0x000000000804e2ff                unicast_close
                0x000000000804e317                unicast_send
 .text          0x000000000804e33e       0xd5 contiki-native.a(abc.o)
                0x000000000804e33e                abc_open
                0x000000000804e380                abc_close
                0x000000000804e398                abc_send
                0x000000000804e3af                abc_input
                0x000000000804e3dd                abc_sent
 .text          0x000000000804e413      0x2e3 contiki-native.a(queuebuf.o)
                0x000000000804e41d                queuebuf_init
                0x000000000804e446                queuebuf_numfree
                0x000000000804e45e                queuebuf_new_from_packetbuf
                0x000000000804e4fd                queuebuf_update_attr_from_packetbuf
                0x000000000804e532                queuebuf_update_from_packetbuf
                0x000000000804e582                queuebuf_free
                0x000000000804e5cb                queuebuf_to_packetbuf
                0x000000000804e637                queuebuf_dataptr
                0x000000000804e671                queuebuf_datalen
                0x000000000804e694                queuebuf_addr
                0x000000000804e6c5                queuebuf_attr
                0x000000000804e6f0                queuebuf_debug_print
 .text          0x000000000804e6f6      0x420 contiki-native.a(packetbuf.o)
                0x000000000804e6f6                packetbuf_clear
                0x000000000804e721                packetbuf_copyfrom
                0x000000000804e770                packetbuf_compact
                0x000000000804e7ed                packetbuf_copyto
                0x000000000804e880                packetbuf_hdralloc
                0x000000000804e8fc                packetbuf_hdrreduce
                0x000000000804e942                packetbuf_set_datalen
                0x000000000804e95c                packetbuf_dataptr
                0x000000000804e979                packetbuf_hdrptr
                0x000000000804e983                packetbuf_datalen
                0x000000000804e98f                packetbuf_hdrlen
                0x000000000804e9a6                packetbuf_totlen
                0x000000000804e9bc                packetbuf_attr_clear
                0x000000000804ea07                packetbuf_attr_copyto
                0x000000000804ea38                packetbuf_attr_copyfrom
                0x000000000804ea69                packetbuf_set_attr
                0x000000000804ea93                packetbuf_attr
                0x000000000804eaad                packetbuf_set_addr
                0x000000000804eadd                packetbuf_addr
                0x000000000804eaf9                packetbuf_holds_broadcast
 .text          0x000000000804eb16       0x2c contiki-native.a(netstack.o)
                0x000000000804eb16                netstack_init
 .text          0x000000000804eb42       0x4b contiki-native.a(linkaddr.o)
                0x000000000804eb42                linkaddr_copy
                0x000000000804eb54                linkaddr_cmp
                0x000000000804eb77                linkaddr_set_node_addr
 .text          0x000000000804eb8d       0x63 contiki-native.a(nullmac.o)
 .text          0x000000000804ebf0      0x1ae contiki-native.a(nullrdc.o)
 .text          0x000000000804ed9e       0x41 contiki-native.a(nullsec.o)
 .text          0x000000000804eddf       0x9a contiki-native.a(clock.o)
                0x000000000804eddf                clock_time
                0x000000000804ee3b                clock_seconds
                0x000000000804ee73                clock_delay
 .text          0x000000000804ee79       0xe6 contiki-native.a(rtimer-arch.o)
                0x000000000804ee9a                rtimer_arch_init
                0x000000000804eeb5                rtimer_arch_schedule
 .text          0x000000000804ef5f       0xcc contiki-native.a(nullradio.o)
 .text          0x000000000804f02b      0x1b8 contiki-native.a(memb.o)
                0x000000000804f02b                memb_init
                0x000000000804f080                memb_alloc
                0x000000000804f0e5                memb_free
                0x000000000804f160                memb_inmemb
                0x000000000804f19f                memb_numfree
 .text          0x000000000804f1e3       0x2d contiki-native.a(random.o)
                0x000000000804f1e3                random_init
                0x000000000804f203                random_rand
 .text          0x000000000804f210      0x6fc contiki-native.a(chameleon-bitop)
                0x000000000804f2c3                get_bits
                0x000000000804f461                set_bits
 .text          0x000000000804f90c       0xbf contiki-native.a(framer-nullmac.)
 .text          0x000000000804f9cb       0x38 contiki-native.a(mac.o)
                0x000000000804f9cb                mac_call_sent_callback
 *fill*         0x000000000804fa03        0xd 
 .text          0x000000000804fa10       0x62 /usr/lib/i386-linux-gnu/libc_nonshared.a(elf-init.oS)
                0x000000000804fa10                __libc_csu_init
                0x000000000804fa70                __libc_csu_fini
 .text          0x000000000804fa72        0x0 /usr/lib/gcc/i686-linux-gnu/5/crtend.o
 .text          0x000000000804fa72        0x0 /usr/lib/gcc/i686-linux-gnu/5/../../../i386-linux-gnu/crtn.o
 *(.gnu.warning)

.fini           0x000000000804fa74       0x14
 *(SORT(.fini))
 .fini          0x000000000804fa74        0xf /usr/lib/gcc/i686-linux-gnu/5/../../../i386-linux-gnu/crti.o
                0x000000000804fa74                _fini
 .fini          0x000000000804fa83        0x5 /usr/lib/gcc/i686-linux-gnu/5/../../../i386-linux-gnu/crtn.o
                [!provide]                        PROVIDE (__etext, .)
                [!provide]                        PROVIDE (_etext, .)
                [!provide]                        PROVIDE (etext, .)

.rodata         0x000000000804faa0      0x45c
 *(.rodata .rodata.* .gnu.linkonce.r.*)
 .rodata        0x000000000804faa0        0x4 /usr/lib/gcc/i686-linux-gnu/5/../../../i386-linux-gnu/crt1.o
                0x000000000804faa0                _fp_hw
 .rodata.cst4   0x000000000804faa4        0x4 /usr/lib/gcc/i686-linux-gnu/5/../../../i386-linux-gnu/crt1.o
                0x000000000804faa4                _IO_stdin_used
 .rodata        0x000000000804faa8      0x20f Node1.co
                0x000000000804fc88                autostart_processes
 *fill*         0x000000000804fcb7        0x1 
 .rodata        0x000000000804fcb8       0x79 contiki-native.a(contiki-main.o)
 *fill*         0x000000000804fd31        0x3 
 .rodata        0x000000000804fd34       0x18 contiki-native.a(button-sensor.o)
                0x000000000804fd3c                button_sensor
 .rodata        0x000000000804fd4c       0x14 contiki-native.a(pir-sensor.o)
                0x000000000804fd50                pir_sensor
 .rodata        0x000000000804fd60       0x1c contiki-native.a(vib-sensor.o)
                0x000000000804fd6c                vib_sensor
 .rodata        0x000000000804fd7c        0x8 contiki-native.a(sensors.o)
 .rodata        0x000000000804fd84        0xf contiki-native.a(ctimer.o)
 .rodata        0x000000000804fd93        0xc contiki-native.a(etimer.o)
 .rodata        0x000000000804fd9f        0xe contiki-native.a(serial-line.o)
 *fill*         0x000000000804fdad        0x3 
 .rodata        0x000000000804fdb0       0x14 contiki-native.a(rime.o)
                0x000000000804fdb8                rime_driver
 .rodata        0x000000000804fdc4        0x8 contiki-native.a(broadcast-annou)
 .rodata        0x000000000804fdcc       0x14 contiki-native.a(runicast.o)
 .rodata        0x000000000804fde0        0x8 contiki-native.a(stunicast.o)
 .rodata        0x000000000804fde8        0xc contiki-native.a(broadcast.o)
 .rodata        0x000000000804fdf4       0x10 contiki-native.a(unicast.o)
 .rodata        0x000000000804fe04        0x2 contiki-native.a(abc.o)
 .rodata        0x000000000804fe06        0x2 contiki-native.a(linkaddr.o)
                0x000000000804fe06                linkaddr_null
 .rodata        0x000000000804fe08       0x24 contiki-native.a(nullmac.o)
                0x000000000804fe10                nullmac_driver
 *fill*         0x000000000804fe2c       0x14 
 .rodata        0x000000000804fe40       0x40 contiki-native.a(nullrdc.o)
                0x000000000804fe60                nullrdc_driver
 .rodata        0x000000000804fe80       0x18 contiki-native.a(nullsec.o)
                0x000000000804fe88                nullsec_driver
 *fill*         0x000000000804fe98        0x8 
 .rodata        0x000000000804fea0       0x38 contiki-native.a(nullradio.o)
                0x000000000804fea0                nullradio_driver
 .rodata        0x000000000804fed8       0x18 contiki-native.a(chameleon-bitop)
                0x000000000804fee4                chameleon_bitopt
 .rodata        0x000000000804fef0        0xc contiki-native.a(framer-nullmac.)
                0x000000000804fef0                framer_nullmac

.rodata1
 *(.rodata1)

.eh_frame_hdr   0x000000000804fefc      0x8c4
 *(.eh_frame_hdr)
 .eh_frame_hdr  0x000000000804fefc      0x8c4 Node1.co
                0x000000000804fefc                __GNU_EH_FRAME_HDR
 *(.eh_frame_entry .eh_frame_entry.*)

.eh_frame       0x00000000080507c0     0x239c
 *(.eh_frame)
 .eh_frame      0x00000000080507c0       0x3c /usr/lib/gcc/i686-linux-gnu/5/../../../i386-linux-gnu/crt1.o
                                         0x40 (size before relaxing)
 .eh_frame      0x00000000080507fc      0x1a4 Node1.co
                                        0x1bc (size before relaxing)
 .eh_frame      0x00000000080509a0       0xec contiki-native.a(contiki-main.o)
                                        0x104 (size before relaxing)
 .eh_frame      0x0000000008050a8c      0x100 contiki-native.a(leds.o)
                                        0x118 (size before relaxing)
 .eh_frame      0x0000000008050b8c       0x60 contiki-native.a(leds-arch.o)
                                         0x78 (size before relaxing)
 .eh_frame      0x0000000008050bec       0x80 contiki-native.a(button-sensor.o)
                                         0x98 (size before relaxing)
 .eh_frame      0x0000000008050c6c       0x80 contiki-native.a(pir-sensor.o)
                                         0x98 (size before relaxing)
 .eh_frame      0x0000000008050cec       0x80 contiki-native.a(vib-sensor.o)
                                         0x98 (size before relaxing)
 .eh_frame      0x0000000008050d6c       0xc0 contiki-native.a(sensors.o)
                                         0xd8 (size before relaxing)
 .eh_frame      0x0000000008050e2c       0x40 contiki-native.a(autostart.o)
                                         0x58 (size before relaxing)
 .eh_frame      0x0000000008050e6c      0x100 contiki-native.a(ctimer.o)
                                        0x118 (size before relaxing)
 .eh_frame      0x0000000008050f6c      0x1e0 contiki-native.a(etimer.o)
                                        0x1f8 (size before relaxing)
 .eh_frame      0x000000000805114c      0x1c4 contiki-native.a(process.o)
                                        0x1dc (size before relaxing)
 .eh_frame      0x0000000008051310       0x60 contiki-native.a(rtimer.o)
                                         0x78 (size before relaxing)
 .eh_frame      0x0000000008051370       0xa4 contiki-native.a(timer.o)
                                         0xbc (size before relaxing)
 .eh_frame      0x0000000008051414       0x60 contiki-native.a(serial-line.o)
                                         0x78 (size before relaxing)
 .eh_frame      0x0000000008051474       0xa0 contiki-native.a(ringbuf.o)
                                         0xb8 (size before relaxing)
 .eh_frame      0x0000000008051514      0x180 contiki-native.a(list.o)
                                        0x198 (size before relaxing)
 .eh_frame      0x0000000008051694       0xc0 contiki-native.a(rime.o)
                                         0xd8 (size before relaxing)
 .eh_frame      0x0000000008051754      0x12c contiki-native.a(broadcast-annou)
                                        0x144 (size before relaxing)
 .eh_frame      0x0000000008051880      0x174 contiki-native.a(announcement.o)
                                        0x18c (size before relaxing)
 .eh_frame      0x00000000080519f4       0xd4 contiki-native.a(runicast.o)
                                         0xec (size before relaxing)
 .eh_frame      0x0000000008051ac8      0x148 contiki-native.a(stunicast.o)
                                        0x160 (size before relaxing)
 .eh_frame      0x0000000008051c10       0x80 contiki-native.a(chameleon.o)
                                         0x98 (size before relaxing)
 .eh_frame      0x0000000008051c90       0xa0 contiki-native.a(channel.o)
                                         0xb8 (size before relaxing)
 .eh_frame      0x0000000008051d30       0xa0 contiki-native.a(broadcast.o)
                                         0xb8 (size before relaxing)
 .eh_frame      0x0000000008051dd0       0xa0 contiki-native.a(unicast.o)
                                         0xb8 (size before relaxing)
 .eh_frame      0x0000000008051e70       0xa0 contiki-native.a(abc.o)
                                         0xb8 (size before relaxing)
 .eh_frame      0x0000000008051f10      0x1a0 contiki-native.a(queuebuf.o)
                                        0x1b8 (size before relaxing)
 .eh_frame      0x00000000080520b0      0x294 contiki-native.a(packetbuf.o)
                                        0x2ac (size before relaxing)
 .eh_frame      0x0000000008052344       0x20 contiki-native.a(netstack.o)
                                         0x38 (size before relaxing)
 .eh_frame      0x0000000008052364       0x60 contiki-native.a(linkaddr.o)
                                         0x78 (size before relaxing)
 .eh_frame      0x00000000080523c4       0xc0 contiki-native.a(nullmac.o)
                                         0xd8 (size before relaxing)
 .eh_frame      0x0000000008052484      0x108 contiki-native.a(nullrdc.o)
                                        0x120 (size before relaxing)
 .eh_frame      0x000000000805258c       0x60 contiki-native.a(nullsec.o)
                                         0x78 (size before relaxing)
 .eh_frame      0x00000000080525ec       0x64 contiki-native.a(clock.o)
                                         0x7c (size before relaxing)
 .eh_frame      0x0000000008052650       0x60 contiki-native.a(rtimer-arch.o)
                                         0x78 (size before relaxing)
 .eh_frame      0x00000000080526b0      0x1c0 contiki-native.a(nullradio.o)
                                        0x1d8 (size before relaxing)
 .eh_frame      0x0000000008052870       0xa0 contiki-native.a(memb.o)
                                         0xb8 (size before relaxing)
 .eh_frame      0x0000000008052910       0x40 contiki-native.a(random.o)
                                         0x58 (size before relaxing)
 .eh_frame      0x0000000008052950      0x128 contiki-native.a(chameleon-bitop)
                                        0x140 (size before relaxing)
 .eh_frame      0x0000000008052a78       0x60 contiki-native.a(framer-nullmac.)
                                         0x78 (size before relaxing)
 .eh_frame      0x0000000008052ad8       0x20 contiki-native.a(mac.o)
                                         0x38 (size before relaxing)
 .eh_frame      0x0000000008052af8       0x60 /usr/lib/i386-linux-gnu/libc_nonshared.a(elf-init.oS)
                                         0x8c (size before relaxing)
 .eh_frame      0x0000000008052b58        0x4 /usr/lib/gcc/i686-linux-gnu/5/crtend.o
 *(.eh_frame.*)

.gcc_except_table
 *(.gcc_except_table .gcc_except_table.*)

.gnu_extab
 *(.gnu_extab*)

.exception_ranges
 *(.exception_ranges .exception_ranges*)
                0x0000000008053f08                . = DATA_SEGMENT_ALIGN (0x1000, 0x1000)

.eh_frame
 *(.eh_frame)
 *(.eh_frame.*)

.gnu_extab
 *(.gnu_extab)

.gcc_except_table
 *(.gcc_except_table .gcc_except_table.*)

.exception_ranges
 *(.exception_ranges .exception_ranges*)

.tdata
 *(.tdata .tdata.* .gnu.linkonce.td.*)

.tbss
 *(.tbss .tbss.* .gnu.linkonce.tb.*)
 *(.tcommon)

.preinit_array  0x0000000008053f08        0x0
                [!provide]                        PROVIDE (__preinit_array_start, .)
 *(.preinit_array)
                [!provide]                        PROVIDE (__preinit_array_end, .)

.init_array     0x0000000008053f08        0x4
                0x0000000008053f08                PROVIDE (__init_array_start, .)
 *(SORT(.init_array.*) SORT(.ctors.*))
 *(.init_array EXCLUDE_FILE(*crtend?.o *crtend.o *crtbegin?.o *crtbegin.o) .ctors)
 .init_array    0x0000000008053f08        0x4 /usr/lib/gcc/i686-linux-gnu/5/crtbegin.o
                0x0000000008053f0c                PROVIDE (__init_array_end, .)

.fini_array     0x0000000008053f0c        0x4
                [!provide]                        PROVIDE (__fini_array_start, .)
 *(SORT(.fini_array.*) SORT(.dtors.*))
 *(.fini_array EXCLUDE_FILE(*crtend?.o *crtend.o *crtbegin?.o *crtbegin.o) .dtors)
 .fini_array    0x0000000008053f0c        0x4 /usr/lib/gcc/i686-linux-gnu/5/crtbegin.o
                [!provide]                        PROVIDE (__fini_array_end, .)

.ctors
 *crtbegin.o(.ctors)
 *crtbegin?.o(.ctors)
 *(EXCLUDE_FILE(*crtend?.o *crtend.o) .ctors)
 *(SORT(.ctors.*))
 *(.ctors)

.dtors
 *crtbegin.o(.dtors)
 *crtbegin?.o(.dtors)
 *(EXCLUDE_FILE(*crtend?.o *crtend.o) .dtors)
 *(SORT(.dtors.*))
 *(.dtors)

.jcr            0x0000000008053f10        0x4
 *(.jcr)
 .jcr           0x0000000008053f10        0x0 /usr/lib/gcc/i686-linux-gnu/5/crtbegin.o
 .jcr           0x0000000008053f10        0x4 /usr/lib/gcc/i686-linux-gnu/5/crtend.o

.data.rel.ro
 *(.data.rel.ro.local* .gnu.linkonce.d.rel.ro.local.*)
 *(.data.rel.ro .data.rel.ro.* .gnu.linkonce.d.rel.ro.*)

.dynamic        0x0000000008053f14       0xe8
 *(.dynamic)
 .dynamic       0x0000000008053f14       0xe8 /usr/lib/gcc/i686-linux-gnu/5/../../../i386-linux-gnu/crt1.o
                0x0000000008053f14                _DYNAMIC

.got            0x0000000008053ffc        0x4
 *(.got)
 .got           0x0000000008053ffc        0x4 /usr/lib/gcc/i686-linux-gnu/5/../../../i386-linux-gnu/crt1.o
 *(.igot)
                0x0000000008054ff4                . = DATA_SEGMENT_RELRO_END (., (SIZEOF (.got.plt) >= 0xc)?0xc:0x0)

.got.plt        0x0000000008054000       0x5c
 *(.got.plt)
 .got.plt       0x0000000008054000       0x5c /usr/lib/gcc/i686-linux-gnu/5/../../../i386-linux-gnu/crt1.o
                0x0000000008054000                _GLOBAL_OFFSET_TABLE_
 *(.igot.plt)
 .igot.plt      0x000000000805405c        0x0 /usr/lib/gcc/i686-linux-gnu/5/../../../i386-linux-gnu/crt1.o

.data           0x000000000805405c      0x124
 *(.data .data.* .gnu.linkonce.d.*)
 .data          0x000000000805405c        0x4 /usr/lib/gcc/i686-linux-gnu/5/../../../i386-linux-gnu/crt1.o
                0x000000000805405c                data_start
                0x000000000805405c                __data_start
 .data          0x0000000008054060        0x0 /usr/lib/gcc/i686-linux-gnu/5/../../../i386-linux-gnu/crti.o
 .data          0x0000000008054060        0x4 /usr/lib/gcc/i686-linux-gnu/5/crtbegin.o
                0x0000000008054060                __dso_handle
 .data          0x0000000008054064       0x94 Node1.co
                0x0000000008054078                BaseProcess
                0x0000000008054088                TempProcess
                0x0000000008054098                AlarmProcess
                0x00000000080540a8                StopAlarmProcess
                0x00000000080540b8                BlinkingProcess
                0x00000000080540c8                StopBlinkingProcess
                0x00000000080540d8                OpenDoorProcess
                0x00000000080540e8                SendTempProcess
 .data          0x00000000080540f8       0x1a contiki-native.a(contiki-main.o)
                0x00000000080540f8                sensors
 .data          0x0000000008054112        0x0 contiki-native.a(leds.o)
 .data          0x0000000008054112        0x0 contiki-native.a(leds-arch.o)
 .data          0x0000000008054112        0x0 contiki-native.a(button-sensor.o)
 .data          0x0000000008054112        0x0 contiki-native.a(pir-sensor.o)
 .data          0x0000000008054112        0x0 contiki-native.a(vib-sensor.o)
 *fill*         0x0000000008054112        0x2 
 .data          0x0000000008054114       0x10 contiki-native.a(sensors.o)
                0x0000000008054114                sensors_process
 .data          0x0000000008054124        0x0 contiki-native.a(autostart.o)
 .data          0x0000000008054124       0x14 contiki-native.a(ctimer.o)
                0x0000000008054128                ctimer_process
 .data          0x0000000008054138       0x10 contiki-native.a(etimer.o)
                0x0000000008054138                etimer_process
 .data          0x0000000008054148        0x0 contiki-native.a(process.o)
 .data          0x0000000008054148        0x0 contiki-native.a(rtimer.o)
 .data          0x0000000008054148        0x0 contiki-native.a(timer.o)
 .data          0x0000000008054148       0x10 contiki-native.a(serial-line.o)
                0x0000000008054148                serial_line_process
 .data          0x0000000008054158        0x0 contiki-native.a(ringbuf.o)
 .data          0x0000000008054158        0x0 contiki-native.a(list.o)
 .data          0x0000000008054158        0x4 contiki-native.a(rime.o)
 .data          0x000000000805415c        0x0 contiki-native.a(broadcast-annou)
 .data          0x000000000805415c        0x4 contiki-native.a(announcement.o)
 .data          0x0000000008054160        0x0 contiki-native.a(runicast.o)
 .data          0x0000000008054160        0x0 contiki-native.a(stunicast.o)
 .data          0x0000000008054160        0x0 contiki-native.a(chameleon.o)
 .data          0x0000000008054160        0x4 contiki-native.a(channel.o)
 .data          0x0000000008054164        0x0 contiki-native.a(broadcast.o)
 .data          0x0000000008054164        0x0 contiki-native.a(unicast.o)
 .data          0x0000000008054164        0x0 contiki-native.a(abc.o)
 .data          0x0000000008054164       0x18 contiki-native.a(queuebuf.o)
 .data          0x000000000805417c        0x4 contiki-native.a(packetbuf.o)
 .data          0x0000000008054180        0x0 contiki-native.a(netstack.o)
 .data          0x0000000008054180        0x0 contiki-native.a(linkaddr.o)
 .data          0x0000000008054180        0x0 contiki-native.a(nullmac.o)
 .data          0x0000000008054180        0x0 contiki-native.a(nullrdc.o)
 .data          0x0000000008054180        0x0 contiki-native.a(nullsec.o)
 .data          0x0000000008054180        0x0 contiki-native.a(clock.o)
 .data          0x0000000008054180        0x0 contiki-native.a(rtimer-arch.o)
 .data          0x0000000008054180        0x0 contiki-native.a(nullradio.o)
 .data          0x0000000008054180        0x0 contiki-native.a(memb.o)
 .data          0x0000000008054180        0x0 contiki-native.a(random.o)
 .data          0x0000000008054180        0x0 contiki-native.a(chameleon-bitop)
 .data          0x0000000008054180        0x0 contiki-native.a(framer-nullmac.)
 .data          0x0000000008054180        0x0 contiki-native.a(mac.o)
 .data          0x0000000008054180        0x0 /usr/lib/i386-linux-gnu/libc_nonshared.a(elf-init.oS)
 .data          0x0000000008054180        0x0 /usr/lib/gcc/i686-linux-gnu/5/crtend.o
 .data          0x0000000008054180        0x0 /usr/lib/gcc/i686-linux-gnu/5/../../../i386-linux-gnu/crtn.o

.tm_clone_table
                0x0000000008054180        0x0
 .tm_clone_table
                0x0000000008054180        0x0 /usr/lib/gcc/i686-linux-gnu/5/crtbegin.o
 .tm_clone_table
                0x0000000008054180        0x0 /usr/lib/gcc/i686-linux-gnu/5/crtend.o

.data1
 *(.data1)
                0x0000000008054180                _edata = .
                [!provide]                        PROVIDE (edata, .)
                0x0000000008054180                . = .
                0x0000000008054180                __bss_start = .

.bss            0x0000000008054180      0xc80
 *(.dynbss)
 .dynbss        0x0000000008054180        0x8 /usr/lib/gcc/i686-linux-gnu/5/../../../i386-linux-gnu/crt1.o
                0x0000000008054180                stderr@@GLIBC_2.0
                0x0000000008054184                stdout@@GLIBC_2.0
 *(.bss .bss.* .gnu.linkonce.b.*)
 .bss           0x0000000008054188        0x0 /usr/lib/gcc/i686-linux-gnu/5/../../../i386-linux-gnu/crt1.o
 .bss           0x0000000008054188        0x0 /usr/lib/gcc/i686-linux-gnu/5/../../../i386-linux-gnu/crti.o
 .bss           0x0000000008054188        0x1 /usr/lib/gcc/i686-linux-gnu/5/crtbegin.o
 *fill*         0x0000000008054189       0x17 
 .bss           0x00000000080541a0       0xe0 Node1.co
 .bss           0x0000000008054280       0x44 contiki-native.a(contiki-main.o)
                0x0000000008054280                contiki_argc
 .bss           0x00000000080542c4        0x1 contiki-native.a(leds.o)
 .bss           0x00000000080542c5        0x1 contiki-native.a(leds-arch.o)
 .bss           0x00000000080542c6        0x0 contiki-native.a(button-sensor.o)
 *fill*         0x00000000080542c6        0x2 
 .bss           0x00000000080542c8        0x4 contiki-native.a(pir-sensor.o)
 .bss           0x00000000080542cc        0x4 contiki-native.a(vib-sensor.o)
 .bss           0x00000000080542d0        0xc contiki-native.a(sensors.o)
 .bss           0x00000000080542dc        0x0 contiki-native.a(autostart.o)
 .bss           0x00000000080542dc        0x5 contiki-native.a(ctimer.o)
 *fill*         0x00000000080542e1        0x3 
 .bss           0x00000000080542e4        0x8 contiki-native.a(etimer.o)
 *fill*         0x00000000080542ec       0x14 
 .bss           0x0000000008054300      0x1a1 contiki-native.a(process.o)
                0x0000000008054300                process_list
                0x0000000008054304                process_current
 *fill*         0x00000000080544a1        0x3 
 .bss           0x00000000080544a4        0x4 contiki-native.a(rtimer.o)
 .bss           0x00000000080544a8        0x0 contiki-native.a(timer.o)
 *fill*         0x00000000080544a8       0x18 
 .bss           0x00000000080544c0      0x140 contiki-native.a(serial-line.o)
 .bss           0x0000000008054600        0x0 contiki-native.a(ringbuf.o)
 .bss           0x0000000008054600        0x0 contiki-native.a(list.o)
 .bss           0x0000000008054600        0x4 contiki-native.a(rime.o)
 *fill*         0x0000000008054604       0x1c 
 .bss           0x0000000008054620       0x6c contiki-native.a(broadcast-annou)
 .bss           0x000000000805468c        0xc contiki-native.a(announcement.o)
 .bss           0x0000000008054698        0x0 contiki-native.a(runicast.o)
 .bss           0x0000000008054698        0x0 contiki-native.a(stunicast.o)
 .bss           0x0000000008054698        0x0 contiki-native.a(chameleon.o)
 .bss           0x0000000008054698        0x4 contiki-native.a(channel.o)
 .bss           0x000000000805469c        0x0 contiki-native.a(broadcast.o)
 .bss           0x000000000805469c        0x0 contiki-native.a(unicast.o)
 .bss           0x000000000805469c        0x0 contiki-native.a(abc.o)
 *fill*         0x000000000805469c        0x4 
 .bss           0x00000000080546a0      0x650 contiki-native.a(queuebuf.o)
 *fill*         0x0000000008054cf0       0x10 
 .bss           0x0000000008054d00       0xa0 contiki-native.a(packetbuf.o)
 .bss           0x0000000008054da0        0x0 contiki-native.a(netstack.o)
 .bss           0x0000000008054da0        0x0 contiki-native.a(linkaddr.o)
 .bss           0x0000000008054da0        0x0 contiki-native.a(nullmac.o)
 .bss           0x0000000008054da0        0x0 contiki-native.a(nullrdc.o)
 .bss           0x0000000008054da0        0x0 contiki-native.a(nullsec.o)
 .bss           0x0000000008054da0        0x0 contiki-native.a(clock.o)
 .bss           0x0000000008054da0        0x0 contiki-native.a(rtimer-arch.o)
 .bss           0x0000000008054da0        0x0 contiki-native.a(nullradio.o)
 .bss           0x0000000008054da0        0x0 contiki-native.a(memb.o)
 .bss           0x0000000008054da0        0x0 contiki-native.a(random.o)
 .bss           0x0000000008054da0        0x0 contiki-native.a(chameleon-bitop)
 .bss           0x0000000008054da0        0x0 contiki-native.a(framer-nullmac.)
 .bss           0x0000000008054da0        0x0 contiki-native.a(mac.o)
 .bss           0x0000000008054da0        0x0 /usr/lib/i386-linux-gnu/libc_nonshared.a(elf-init.oS)
 .bss           0x0000000008054da0        0x0 /usr/lib/gcc/i686-linux-gnu/5/crtend.o
 .bss           0x0000000008054da0        0x0 /usr/lib/gcc/i686-linux-gnu/5/../../../i386-linux-gnu/crtn.o
 *(COMMON)
 COMMON         0x0000000008054da0        0x8 contiki-native.a(contiki-main.o)
                0x0000000008054da0                contiki_argv
                0x0000000008054da4                sensors_flags
 COMMON         0x0000000008054da8        0x1 contiki-native.a(sensors.o)
                0x0000000008054da8                sensors_event
 COMMON         0x0000000008054da9        0x1 contiki-native.a(serial-line.o)
                0x0000000008054da9                serial_line_event_message
 *fill*         0x0000000008054daa       0x16 
 COMMON         0x0000000008054dc0       0x3c contiki-native.a(packetbuf.o)
                0x0000000008054dc0                packetbuf_attrs
                0x0000000008054df4                packetbuf_addrs
 COMMON         0x0000000008054dfc        0x2 contiki-native.a(linkaddr.o)
                0x0000000008054dfc                linkaddr_node_addr
                0x0000000008054e00                . = ALIGN ((. != 0x0)?0x4:0x1)
 *fill*         0x0000000008054dfe        0x2 
                0x0000000008054e00                . = ALIGN (0x4)
                0x0000000008054e00                . = SEGMENT_START ("ldata-segment", .)
                0x0000000008054e00                . = ALIGN (0x4)
                0x0000000008054e00                _end = .
                [!provide]                        PROVIDE (end, .)
                0x0000000008054e00                . = DATA_SEGMENT_END (.)

.stab
 *(.stab)

.stabstr
 *(.stabstr)

.stab.excl
 *(.stab.excl)

.stab.exclstr
 *(.stab.exclstr)

.stab.index
 *(.stab.index)

.stab.indexstr
 *(.stab.indexstr)

.comment        0x0000000000000000       0x34
 *(.comment)
 .comment       0x0000000000000000       0x34 /usr/lib/gcc/i686-linux-gnu/5/crtbegin.o
                                         0x35 (size before relaxing)
 .comment       0x0000000000000034       0x35 Node1.co
 .comment       0x0000000000000034       0x35 contiki-native.a(contiki-main.o)
 .comment       0x0000000000000034       0x35 contiki-native.a(leds.o)
 .comment       0x0000000000000034       0x35 contiki-native.a(leds-arch.o)
 .comment       0x0000000000000034       0x35 contiki-native.a(button-sensor.o)
 .comment       0x0000000000000034       0x35 contiki-native.a(pir-sensor.o)
 .comment       0x0000000000000034       0x35 contiki-native.a(vib-sensor.o)
 .comment       0x0000000000000034       0x35 contiki-native.a(sensors.o)
 .comment       0x0000000000000034       0x35 contiki-native.a(autostart.o)
 .comment       0x0000000000000034       0x35 contiki-native.a(ctimer.o)
 .comment       0x0000000000000034       0x35 contiki-native.a(etimer.o)
 .comment       0x0000000000000034       0x35 contiki-native.a(process.o)
 .comment       0x0000000000000034       0x35 contiki-native.a(rtimer.o)
 .comment       0x0000000000000034       0x35 contiki-native.a(timer.o)
 .comment       0x0000000000000034       0x35 contiki-native.a(serial-line.o)
 .comment       0x0000000000000034       0x35 contiki-native.a(ringbuf.o)
 .comment       0x0000000000000034       0x35 contiki-native.a(list.o)
 .comment       0x0000000000000034       0x35 contiki-native.a(rime.o)
 .comment       0x0000000000000034       0x35 contiki-native.a(broadcast-annou)
 .comment       0x0000000000000034       0x35 contiki-native.a(announcement.o)
 .comment       0x0000000000000034       0x35 contiki-native.a(runicast.o)
 .comment       0x0000000000000034       0x35 contiki-native.a(stunicast.o)
 .comment       0x0000000000000034       0x35 contiki-native.a(chameleon.o)
 .comment       0x0000000000000034       0x35 contiki-native.a(channel.o)
 .comment       0x0000000000000034       0x35 contiki-native.a(broadcast.o)
 .comment       0x0000000000000034       0x35 contiki-native.a(unicast.o)
 .comment       0x0000000000000034       0x35 contiki-native.a(abc.o)
 .comment       0x0000000000000034       0x35 contiki-native.a(queuebuf.o)
 .comment       0x0000000000000034       0x35 contiki-native.a(packetbuf.o)
 .comment       0x0000000000000034       0x35 contiki-native.a(netstack.o)
 .comment       0x0000000000000034       0x35 contiki-native.a(linkaddr.o)
 .comment       0x0000000000000034       0x35 contiki-native.a(nullmac.o)
 .comment       0x0000000000000034       0x35 contiki-native.a(nullrdc.o)
 .comment       0x0000000000000034       0x35 contiki-native.a(nullsec.o)
 .comment       0x0000000000000034       0x35 contiki-native.a(clock.o)
 .comment       0x0000000000000034       0x35 contiki-native.a(rtimer-arch.o)
 .comment       0x0000000000000034       0x35 contiki-native.a(nullradio.o)
 .comment       0x0000000000000034       0x35 contiki-native.a(memb.o)
 .comment       0x0000000000000034       0x35 contiki-native.a(random.o)
 .comment       0x0000000000000034       0x35 contiki-native.a(chameleon-bitop)
 .comment       0x0000000000000034       0x35 contiki-native.a(framer-nullmac.)
 .comment       0x0000000000000034       0x35 contiki-native.a(mac.o)
 .comment       0x0000000000000034       0x35 /usr/lib/gcc/i686-linux-gnu/5/crtend.o

.debug
 *(.debug)

.line
 *(.line)

.debug_srcinfo
 *(.debug_srcinfo)

.debug_sfnames
 *(.debug_sfnames)

.debug_aranges  0x0000000000000000      0x540
 *(.debug_aranges)
 .debug_aranges
                0x0000000000000000       0x20 Node1.co
 .debug_aranges
                0x0000000000000020       0x20 contiki-native.a(contiki-main.o)
 .debug_aranges
                0x0000000000000040       0x20 contiki-native.a(leds.o)
 .debug_aranges
                0x0000000000000060       0x20 contiki-native.a(leds-arch.o)
 .debug_aranges
                0x0000000000000080       0x20 contiki-native.a(button-sensor.o)
 .debug_aranges
                0x00000000000000a0       0x20 contiki-native.a(pir-sensor.o)
 .debug_aranges
                0x00000000000000c0       0x20 contiki-native.a(vib-sensor.o)
 .debug_aranges
                0x00000000000000e0       0x20 contiki-native.a(sensors.o)
 .debug_aranges
                0x0000000000000100       0x20 contiki-native.a(autostart.o)
 .debug_aranges
                0x0000000000000120       0x20 contiki-native.a(ctimer.o)
 .debug_aranges
                0x0000000000000140       0x20 contiki-native.a(etimer.o)
 .debug_aranges
                0x0000000000000160       0x20 contiki-native.a(process.o)
 .debug_aranges
                0x0000000000000180       0x20 contiki-native.a(rtimer.o)
 .debug_aranges
                0x00000000000001a0       0x20 contiki-native.a(timer.o)
 .debug_aranges
                0x00000000000001c0       0x20 contiki-native.a(serial-line.o)
 .debug_aranges
                0x00000000000001e0       0x20 contiki-native.a(ringbuf.o)
 .debug_aranges
                0x0000000000000200       0x20 contiki-native.a(list.o)
 .debug_aranges
                0x0000000000000220       0x20 contiki-native.a(rime.o)
 .debug_aranges
                0x0000000000000240       0x20 contiki-native.a(broadcast-annou)
 .debug_aranges
                0x0000000000000260       0x20 contiki-native.a(announcement.o)
 .debug_aranges
                0x0000000000000280       0x20 contiki-native.a(runicast.o)
 .debug_aranges
                0x00000000000002a0       0x20 contiki-native.a(stunicast.o)
 .debug_aranges
                0x00000000000002c0       0x20 contiki-native.a(chameleon.o)
 .debug_aranges
                0x00000000000002e0       0x20 contiki-native.a(channel.o)
 .debug_aranges
                0x0000000000000300       0x20 contiki-native.a(broadcast.o)
 .debug_aranges
                0x0000000000000320       0x20 contiki-native.a(unicast.o)
 .debug_aranges
                0x0000000000000340       0x20 contiki-native.a(abc.o)
 .debug_aranges
                0x0000000000000360       0x20 contiki-native.a(queuebuf.o)
 .debug_aranges
                0x0000000000000380       0x20 contiki-native.a(packetbuf.o)
 .debug_aranges
                0x00000000000003a0       0x20 contiki-native.a(netstack.o)
 .debug_aranges
                0x00000000000003c0       0x20 contiki-native.a(linkaddr.o)
 .debug_aranges
                0x00000000000003e0       0x20 contiki-native.a(nullmac.o)
 .debug_aranges
                0x0000000000000400       0x20 contiki-native.a(nullrdc.o)
 .debug_aranges
                0x0000000000000420       0x20 contiki-native.a(nullsec.o)
 .debug_aranges
                0x0000000000000440       0x20 contiki-native.a(clock.o)
 .debug_aranges
                0x0000000000000460       0x20 contiki-native.a(rtimer-arch.o)
 .debug_aranges
                0x0000000000000480       0x20 contiki-native.a(nullradio.o)
 .debug_aranges
                0x00000000000004a0       0x20 contiki-native.a(memb.o)
 .debug_aranges
                0x00000000000004c0       0x20 contiki-native.a(random.o)
 .debug_aranges
                0x00000000000004e0       0x20 contiki-native.a(chameleon-bitop)
 .debug_aranges
                0x0000000000000500       0x20 contiki-native.a(framer-nullmac.)
 .debug_aranges
                0x0000000000000520       0x20 contiki-native.a(mac.o)

.debug_pubnames
 *(.debug_pubnames)

.debug_info     0x0000000000000000     0x9f56
 *(.debug_info .gnu.linkonce.wi.*)
 .debug_info    0x0000000000000000      0xcb0 Node1.co
 .debug_info    0x0000000000000cb0      0xa57 contiki-native.a(contiki-main.o)
 .debug_info    0x0000000000001707      0x193 contiki-native.a(leds.o)
 .debug_info    0x000000000000189a       0xcf contiki-native.a(leds-arch.o)
 .debug_info    0x0000000000001969      0x195 contiki-native.a(button-sensor.o)
 .debug_info    0x0000000000001afe      0x1b7 contiki-native.a(pir-sensor.o)
 .debug_info    0x0000000000001cb5      0x1a4 contiki-native.a(vib-sensor.o)
 .debug_info    0x0000000000001e59      0x369 contiki-native.a(sensors.o)
 .debug_info    0x00000000000021c2      0x1a8 contiki-native.a(autostart.o)
 .debug_info    0x000000000000236a      0x46f contiki-native.a(ctimer.o)
 .debug_info    0x00000000000027d9      0x49b contiki-native.a(etimer.o)
 .debug_info    0x0000000000002c74      0x4a7 contiki-native.a(process.o)
 .debug_info    0x000000000000311b      0x1b2 contiki-native.a(rtimer.o)
 .debug_info    0x00000000000032cd      0x176 contiki-native.a(timer.o)
 .debug_info    0x0000000000003443      0x2d6 contiki-native.a(serial-line.o)
 .debug_info    0x0000000000003719      0x1b4 contiki-native.a(ringbuf.o)
 .debug_info    0x00000000000038cd      0x2e9 contiki-native.a(list.o)
 .debug_info    0x0000000000003bb6      0x395 contiki-native.a(rime.o)
 .debug_info    0x0000000000003f4b      0x75e contiki-native.a(broadcast-annou)
 .debug_info    0x00000000000046a9      0x3b8 contiki-native.a(announcement.o)
 .debug_info    0x0000000000004a61      0x851 contiki-native.a(runicast.o)
 .debug_info    0x00000000000052b2      0x73a contiki-native.a(stunicast.o)
 .debug_info    0x00000000000059ec      0x2d9 contiki-native.a(chameleon.o)
 .debug_info    0x0000000000005cc5      0x213 contiki-native.a(channel.o)
 .debug_info    0x0000000000005ed8      0x46f contiki-native.a(broadcast.o)
 .debug_info    0x0000000000006347      0x506 contiki-native.a(unicast.o)
 .debug_info    0x000000000000684d      0x37d contiki-native.a(abc.o)
 .debug_info    0x0000000000006bca      0x5af contiki-native.a(queuebuf.o)
 .debug_info    0x0000000000007179      0x59f contiki-native.a(packetbuf.o)
 .debug_info    0x0000000000007718      0x4c0 contiki-native.a(netstack.o)
 .debug_info    0x0000000000007bd8      0x177 contiki-native.a(linkaddr.o)
 .debug_info    0x0000000000007d4f      0x334 contiki-native.a(nullmac.o)
 .debug_info    0x0000000000008083      0x752 contiki-native.a(nullrdc.o)
 .debug_info    0x00000000000087d5      0x312 contiki-native.a(nullsec.o)
 .debug_info    0x0000000000008ae7      0x158 contiki-native.a(clock.o)
 .debug_info    0x0000000000008c3f      0x1a8 contiki-native.a(rtimer-arch.o)
 .debug_info    0x0000000000008de7      0x4a4 contiki-native.a(nullradio.o)
 .debug_info    0x000000000000928b      0x1d3 contiki-native.a(memb.o)
 .debug_info    0x000000000000945e       0xaf contiki-native.a(random.o)
 .debug_info    0x000000000000950d      0x6bb contiki-native.a(chameleon-bitop)
 .debug_info    0x0000000000009bc8      0x26e contiki-native.a(framer-nullmac.)
 .debug_info    0x0000000000009e36      0x120 contiki-native.a(mac.o)

.debug_abbrev   0x0000000000000000     0x3777
 *(.debug_abbrev)
 .debug_abbrev  0x0000000000000000      0x1af Node1.co
 .debug_abbrev  0x00000000000001af      0x255 contiki-native.a(contiki-main.o)
 .debug_abbrev  0x0000000000000404       0xaa contiki-native.a(leds.o)
 .debug_abbrev  0x00000000000004ae       0x92 contiki-native.a(leds-arch.o)
 .debug_abbrev  0x0000000000000540       0xba contiki-native.a(button-sensor.o)
 .debug_abbrev  0x00000000000005fa       0xda contiki-native.a(pir-sensor.o)
 .debug_abbrev  0x00000000000006d4       0xd8 contiki-native.a(vib-sensor.o)
 .debug_abbrev  0x00000000000007ac      0x1c0 contiki-native.a(sensors.o)
 .debug_abbrev  0x000000000000096c       0xf9 contiki-native.a(autostart.o)
 .debug_abbrev  0x0000000000000a65      0x19f contiki-native.a(ctimer.o)
 .debug_abbrev  0x0000000000000c04      0x1f6 contiki-native.a(etimer.o)
 .debug_abbrev  0x0000000000000dfa      0x242 contiki-native.a(process.o)
 .debug_abbrev  0x000000000000103c      0x124 contiki-native.a(rtimer.o)
 .debug_abbrev  0x0000000000001160       0xf3 contiki-native.a(timer.o)
 .debug_abbrev  0x0000000000001253      0x195 contiki-native.a(serial-line.o)
 .debug_abbrev  0x00000000000013e8       0xd9 contiki-native.a(ringbuf.o)
 .debug_abbrev  0x00000000000014c1      0x143 contiki-native.a(list.o)
 .debug_abbrev  0x0000000000001604      0x188 contiki-native.a(rime.o)
 .debug_abbrev  0x000000000000178c      0x1e9 contiki-native.a(broadcast-annou)
 .debug_abbrev  0x0000000000001975      0x16f contiki-native.a(announcement.o)
 .debug_abbrev  0x0000000000001ae4      0x1cc contiki-native.a(runicast.o)
 .debug_abbrev  0x0000000000001cb0      0x1ab contiki-native.a(stunicast.o)
 .debug_abbrev  0x0000000000001e5b      0x135 contiki-native.a(chameleon.o)
 .debug_abbrev  0x0000000000001f90      0x121 contiki-native.a(channel.o)
 .debug_abbrev  0x00000000000020b1      0x18e contiki-native.a(broadcast.o)
 .debug_abbrev  0x000000000000223f      0x18e contiki-native.a(unicast.o)
 .debug_abbrev  0x00000000000023cd      0x14b contiki-native.a(abc.o)
 .debug_abbrev  0x0000000000002518      0x1a4 contiki-native.a(queuebuf.o)
 .debug_abbrev  0x00000000000026bc      0x1d8 contiki-native.a(packetbuf.o)
 .debug_abbrev  0x0000000000002894      0x111 contiki-native.a(netstack.o)
 .debug_abbrev  0x00000000000029a5       0xf0 contiki-native.a(linkaddr.o)
 .debug_abbrev  0x0000000000002a95      0x17b contiki-native.a(nullmac.o)
 .debug_abbrev  0x0000000000002c10      0x24a contiki-native.a(nullrdc.o)
 .debug_abbrev  0x0000000000002e5a      0x140 contiki-native.a(nullsec.o)
 .debug_abbrev  0x0000000000002f9a       0xb5 contiki-native.a(clock.o)
 .debug_abbrev  0x000000000000304f       0xe3 contiki-native.a(rtimer-arch.o)
 .debug_abbrev  0x0000000000003132      0x153 contiki-native.a(nullradio.o)
 .debug_abbrev  0x0000000000003285       0xe2 contiki-native.a(memb.o)
 .debug_abbrev  0x0000000000003367       0x6b contiki-native.a(random.o)
 .debug_abbrev  0x00000000000033d2      0x1ef contiki-native.a(chameleon-bitop)
 .debug_abbrev  0x00000000000035c1      0x113 contiki-native.a(framer-nullmac.)
 .debug_abbrev  0x00000000000036d4       0xa3 contiki-native.a(mac.o)

.debug_line     0x0000000000000000     0x3416
 *(.debug_line .debug_line.* .debug_line_end)
 .debug_line    0x0000000000000000      0x39c Node1.co
 .debug_line    0x000000000000039c      0x3b3 contiki-native.a(contiki-main.o)
 .debug_line    0x000000000000074f       0x76 contiki-native.a(leds.o)
 .debug_line    0x00000000000007c5       0x6a contiki-native.a(leds-arch.o)
 .debug_line    0x000000000000082f       0x9a contiki-native.a(button-sensor.o)
 .debug_line    0x00000000000008c9       0x9a contiki-native.a(pir-sensor.o)
 .debug_line    0x0000000000000963       0x9a contiki-native.a(vib-sensor.o)
 .debug_line    0x00000000000009fd      0x158 contiki-native.a(sensors.o)
 .debug_line    0x0000000000000b55       0xc4 contiki-native.a(autostart.o)
 .debug_line    0x0000000000000c19      0x1b6 contiki-native.a(ctimer.o)
 .debug_line    0x0000000000000dcf      0x1ce contiki-native.a(etimer.o)
 .debug_line    0x0000000000000f9d      0x1ae contiki-native.a(process.o)
 .debug_line    0x000000000000114b       0x9c contiki-native.a(rtimer.o)
 .debug_line    0x00000000000011e7       0xcf contiki-native.a(timer.o)
 .debug_line    0x00000000000012b6      0x141 contiki-native.a(serial-line.o)
 .debug_line    0x00000000000013f7       0xc4 contiki-native.a(ringbuf.o)
 .debug_line    0x00000000000014bb      0x12a contiki-native.a(list.o)
 .debug_line    0x00000000000015e5      0x1b8 contiki-native.a(rime.o)
 .debug_line    0x000000000000179d      0x234 contiki-native.a(broadcast-annou)
 .debug_line    0x00000000000019d1      0x154 contiki-native.a(announcement.o)
 .debug_line    0x0000000000001b25      0x21e contiki-native.a(runicast.o)
 .debug_line    0x0000000000001d43      0x1f0 contiki-native.a(stunicast.o)
 .debug_line    0x0000000000001f33       0xfa contiki-native.a(chameleon.o)
 .debug_line    0x000000000000202d      0x120 contiki-native.a(channel.o)
 .debug_line    0x000000000000214d      0x116 contiki-native.a(broadcast.o)
 .debug_line    0x0000000000002263      0x120 contiki-native.a(unicast.o)
 .debug_line    0x0000000000002383       0xee contiki-native.a(abc.o)
 .debug_line    0x0000000000002471      0x12c contiki-native.a(queuebuf.o)
 .debug_line    0x000000000000259d      0x14d contiki-native.a(packetbuf.o)
 .debug_line    0x00000000000026ea      0x146 contiki-native.a(netstack.o)
 .debug_line    0x0000000000002830       0xa4 contiki-native.a(linkaddr.o)
 .debug_line    0x00000000000028d4       0xf9 contiki-native.a(nullmac.o)
 .debug_line    0x00000000000029cd      0x1a1 contiki-native.a(nullrdc.o)
 .debug_line    0x0000000000002b6e       0xf9 contiki-native.a(nullsec.o)
 .debug_line    0x0000000000002c67       0xdf contiki-native.a(clock.o)
 .debug_line    0x0000000000002d46       0xfc contiki-native.a(rtimer-arch.o)
 .debug_line    0x0000000000002e42       0xda contiki-native.a(nullradio.o)
 .debug_line    0x0000000000002f1c       0xec contiki-native.a(memb.o)
 .debug_line    0x0000000000003008       0x59 contiki-native.a(random.o)
 .debug_line    0x0000000000003061      0x22f contiki-native.a(chameleon-bitop)
 .debug_line    0x0000000000003290       0xfa contiki-native.a(framer-nullmac.)
 .debug_line    0x000000000000338a       0x8c contiki-native.a(mac.o)

.debug_frame
 *(.debug_frame)

.debug_str      0x0000000000000000     0x2631
 *(.debug_str)
 .debug_str     0x0000000000000000      0x45f Node1.co
                                        0x5d9 (size before relaxing)
 .debug_str     0x000000000000045f      0x35b contiki-native.a(contiki-main.o)
                                        0x581 (size before relaxing)
 .debug_str     0x00000000000007ba       0x7f contiki-native.a(leds.o)
                                        0x172 (size before relaxing)
 .debug_str     0x0000000000000839       0x5e contiki-native.a(leds-arch.o)
                                        0x143 (size before relaxing)
 .debug_str     0x0000000000000897       0x44 contiki-native.a(button-sensor.o)
                                        0x15d (size before relaxing)
 .debug_str     0x00000000000008db       0x5a contiki-native.a(pir-sensor.o)
                                        0x170 (size before relaxing)
 .debug_str     0x0000000000000935       0x47 contiki-native.a(vib-sensor.o)
                                        0x15d (size before relaxing)
 .debug_str     0x000000000000097c       0xa1 contiki-native.a(sensors.o)
                                        0x252 (size before relaxing)
 .debug_str     0x0000000000000a1d       0x47 contiki-native.a(autostart.o)
                                        0x17e (size before relaxing)
 .debug_str     0x0000000000000a64       0xf5 contiki-native.a(ctimer.o)
                                        0x27f (size before relaxing)
 .debug_str     0x0000000000000b59      0x15f contiki-native.a(etimer.o)
                                        0x2f2 (size before relaxing)
 .debug_str     0x0000000000000cb8      0x15a contiki-native.a(process.o)
                                        0x2b4 (size before relaxing)
 .debug_str     0x0000000000000e12       0xce contiki-native.a(rtimer.o)
                                        0x1c0 (size before relaxing)
 .debug_str     0x0000000000000ee0       0x34 contiki-native.a(timer.o)
                                        0x16d (size before relaxing)
 .debug_str     0x0000000000000f14       0xc1 contiki-native.a(serial-line.o)
                                        0x23d (size before relaxing)
 .debug_str     0x0000000000000fd5       0x69 contiki-native.a(ringbuf.o)
                                        0x180 (size before relaxing)
 .debug_str     0x000000000000103e       0xba contiki-native.a(list.o)
                                        0x11e (size before relaxing)
 .debug_str     0x00000000000010f8       0xff contiki-native.a(rime.o)
                                        0x2a9 (size before relaxing)
 .debug_str     0x00000000000011f7      0x1dc contiki-native.a(broadcast-annou)
                                        0x419 (size before relaxing)
 .debug_str     0x00000000000013d3      0x164 contiki-native.a(announcement.o)
                                        0x30e (size before relaxing)
 .debug_str     0x0000000000001537      0x3c3 contiki-native.a(runicast.o)
                                        0x693 (size before relaxing)
 .debug_str     0x00000000000018fa       0xcd contiki-native.a(stunicast.o)
                                        0x347 (size before relaxing)
 .debug_str     0x00000000000019c7       0x91 contiki-native.a(chameleon.o)
                                        0x4e7 (size before relaxing)
 .debug_str     0x0000000000001a58       0x98 contiki-native.a(channel.o)
                                        0x1dc (size before relaxing)
 .debug_str     0x0000000000001af0       0x8f contiki-native.a(broadcast.o)
                                        0x54a (size before relaxing)
 .debug_str     0x0000000000001b7f       0x51 contiki-native.a(unicast.o)
                                        0x574 (size before relaxing)
 .debug_str     0x0000000000001bd0       0x56 contiki-native.a(abc.o)
                                        0x4e3 (size before relaxing)
 .debug_str     0x0000000000001c26      0x1db contiki-native.a(queuebuf.o)
                                        0x623 (size before relaxing)
 .debug_str     0x0000000000001e01      0x1dc contiki-native.a(packetbuf.o)
                                        0x658 (size before relaxing)
 .debug_str     0x0000000000001fdd      0x129 contiki-native.a(netstack.o)
                                        0x303 (size before relaxing)
 .debug_str     0x0000000000002106       0x65 contiki-native.a(linkaddr.o)
                                        0x17f (size before relaxing)
 .debug_str     0x000000000000216b       0x51 contiki-native.a(nullmac.o)
                                        0x1f2 (size before relaxing)
 .debug_str     0x00000000000021bc       0xa2 contiki-native.a(nullrdc.o)
                                        0x709 (size before relaxing)
 .debug_str     0x000000000000225e       0x2c contiki-native.a(nullsec.o)
                                        0x4b5 (size before relaxing)
 .debug_str     0x000000000000228a       0x75 contiki-native.a(clock.o)
                                        0x190 (size before relaxing)
 .debug_str     0x00000000000022ff       0xb3 contiki-native.a(rtimer-arch.o)
                                        0x1ff (size before relaxing)
 .debug_str     0x00000000000023b2       0x62 contiki-native.a(nullradio.o)
                                        0x25f (size before relaxing)
 .debug_str     0x0000000000002414       0x69 contiki-native.a(memb.o)
                                        0x159 (size before relaxing)
 .debug_str     0x000000000000247d       0x42 contiki-native.a(random.o)
                                        0x122 (size before relaxing)
 .debug_str     0x00000000000024bf       0xed contiki-native.a(chameleon-bitop)
                                        0x5a8 (size before relaxing)
 .debug_str     0x00000000000025ac       0x48 contiki-native.a(framer-nullmac.)
                                        0x495 (size before relaxing)
 .debug_str     0x00000000000025f4       0x3d contiki-native.a(mac.o)
                                        0x19f (size before relaxing)

.debug_loc
 *(.debug_loc)

.debug_macinfo
 *(.debug_macinfo)

.debug_weaknames
 *(.debug_weaknames)

.debug_funcnames
 *(.debug_funcnames)

.debug_typenames
 *(.debug_typenames)

.debug_varnames
 *(.debug_varnames)

.debug_pubtypes
 *(.debug_pubtypes)

.debug_ranges   0x0000000000000000       0x48
 *(.debug_ranges)
 .debug_ranges  0x0000000000000000       0x18 contiki-native.a(etimer.o)
 .debug_ranges  0x0000000000000018       0x18 contiki-native.a(serial-line.o)
 .debug_ranges  0x0000000000000030       0x18 contiki-native.a(nullrdc.o)

.debug_macro
 *(.debug_macro)

.gnu.attributes
 *(.gnu.attributes)

/DISCARD/
 *(.note.GNU-stack)
 *(.gnu_debuglink)
 *(.gnu.lto_*)
OUTPUT(Node1.native elf32-i386)
