Archive member included because of file (symbol)

contiki-sky.a(contiki-sky-pla)
                              obj_sky/contiki-sky-main.o (init_platform)
contiki-sky.a(button-sensor.o)
                              CentralUnit.co (button_sensor)
contiki-sky.a(ds2411.o)       obj_sky/contiki-sky-main.o (ds2411_init)
contiki-sky.a(xmem.o)         obj_sky/contiki-sky-main.o (xmem_init)
contiki-sky.a(node-id.o)      obj_sky/contiki-sky-main.o (node_id_restore)
contiki-sky.a(sensors.o)      CentralUnit.co (sensors_event)
contiki-sky.a(cc2420.o)       obj_sky/contiki-sky-main.o (cc2420_set_pan_addr)
contiki-sky.a(cc2420-arch.o)  contiki-sky.a(cc2420.o) (cc2420_arch_init)
contiki-sky.a(uart1.o)        obj_sky/contiki-sky-main.o (uart1_active)
contiki-sky.a(uart1-putchar.o)
                              obj_sky/contiki-sky-main.o (putchar)
contiki-sky.a(msp430.o)       contiki-sky.a(uart1.o) (msp430_add_lpm_req)
contiki-sky.a(clock.o)        obj_sky/contiki-sky-main.o (clock_init)
contiki-sky.a(leds.o)         obj_sky/contiki-sky-main.o (leds_init)
contiki-sky.a(leds-arch.o)    contiki-sky.a(leds.o) (leds_arch_init)
contiki-sky.a(watchdog.o)     obj_sky/contiki-sky-main.o (watchdog_start)
contiki-sky.a(rtimer-arch.o)  obj_sky/contiki-sky-main.o (rtimer_arch_now)
contiki-sky.a(autostart.o)    obj_sky/contiki-sky-main.o (autostart_start)
contiki-sky.a(ctimer.o)       obj_sky/contiki-sky-main.o (ctimer_init)
contiki-sky.a(energest.o)     obj_sky/contiki-sky-main.o (energest_init)
contiki-sky.a(etimer.o)       contiki-sky.a(clock.o) (etimer_request_poll)
contiki-sky.a(process.o)      contiki-sky.a(ctimer.o) (process_current)
contiki-sky.a(rtimer.o)       obj_sky/contiki-sky-main.o (rtimer_init)
contiki-sky.a(timer.o)        obj_sky/contiki-sky-main.o (timer_set)
contiki-sky.a(serial-line.o)  obj_sky/contiki-sky-main.o (serial_line_input_byte)
contiki-sky.a(ringbuf.o)      contiki-sky.a(serial-line.o) (ringbuf_init)
contiki-sky.a(list.o)         contiki-sky.a(ctimer.o) (list_init)
contiki-sky.a(random.o)       obj_sky/contiki-sky-main.o (random_init)
contiki-sky.a(rime.o)         obj_sky/contiki-sky-main.o (rime_driver)
contiki-sky.a(broadcast-annou)
                              contiki-sky.a(rime.o) (broadcast_announcement_init)
contiki-sky.a(announcement.o)
                              contiki-sky.a(rime.o) (announcement_init)
contiki-sky.a(runicast.o)     CentralUnit.co (runicast_open)
contiki-sky.a(stunicast.o)    contiki-sky.a(runicast.o) (stunicast_open)
contiki-sky.a(chameleon.o)    contiki-sky.a(rime.o) (chameleon_init)
contiki-sky.a(channel.o)      contiki-sky.a(chameleon.o) (channel_init)
contiki-sky.a(broadcast.o)    CentralUnit.co (broadcast_open)
contiki-sky.a(unicast.o)      contiki-sky.a(stunicast.o) (unicast_open)
contiki-sky.a(abc.o)          contiki-sky.a(broadcast.o) (abc_open)
contiki-sky.a(csma.o)         obj_sky/contiki-sky-main.o (csma_driver)
contiki-sky.a(mac.o)          contiki-sky.a(csma.o) (mac_call_sent_callback)
contiki-sky.a(queuebuf.o)     contiki-sky.a(rime.o) (queuebuf_init)
contiki-sky.a(packetbuf.o)    contiki-sky.a(cc2420.o) (packetbuf_set_datalen)
contiki-sky.a(linkaddr.o)     obj_sky/contiki-sky-main.o (linkaddr_copy)
contiki-sky.a(contikimac.o)   obj_sky/contiki-sky-main.o (contikimac_driver)
contiki-sky.a(contikimac-fram)
                              contiki-sky.a(contikimac.o) (contikimac_framer)
contiki-sky.a(nullsec.o)      obj_sky/contiki-sky-main.o (nullsec_driver)
contiki-sky.a(spi.o)          contiki-sky.a(xmem.o) (spi_init)
contiki-sky.a(compower.o)     contiki-sky.a(contikimac.o) (compower_idle_activity)
contiki-sky.a(memb.o)         contiki-sky.a(csma.o) (memb_init)
contiki-sky.a(chameleon-bitop)
                              contiki-sky.a(chameleon.o) (chameleon_bitopt)
contiki-sky.a(mac-sequence.o)
                              contiki-sky.a(contikimac.o) (mac_sequence_is_duplicate)
contiki-sky.a(framer-802154.o)
                              contiki-sky.a(contikimac-fram) (framer_802154)
contiki-sky.a(frame802154.o)  contiki-sky.a(framer-802154.o) (frame802154_get_pan_id)
/usr/local/bin/../lib/gcc/msp430/4.7.2/mmpy-16/libgcc.a(_mulsi3.o)
                              contiki-sky.a(csma.o) (__mulsi3)
/usr/local/bin/../lib/gcc/msp430/4.7.2/mmpy-16/libgcc.a(_udivmod32.o)
                              obj_sky/contiki-sky-main.o (__udivsi3)
/usr/local/bin/../lib/gcc/msp430/4.7.2/../../../../msp430/lib/mmpy-16/libc.a(printf.o)
                              CentralUnit.co (printf)
/usr/local/bin/../lib/gcc/msp430/4.7.2/../../../../msp430/lib/mmpy-16/libc.a(vuprintf.o)
                              /usr/local/bin/../lib/gcc/msp430/4.7.2/../../../../msp430/lib/mmpy-16/libc.a(printf.o) (vuprintf)
/usr/local/bin/../lib/gcc/msp430/4.7.2/../../../../msp430/lib/mmpy-16/libc.a(puts.o)
                              CentralUnit.co (puts)
/usr/local/bin/../lib/gcc/msp430/4.7.2/../../../../msp430/lib/mmpy-16/libc.a(rand.o)
[...]
Memory Configuration

Name             Origin             Length             Attributes
sfr              0x00000000         0x00000010
peripheral_8bit  0x00000010         0x000000f0
peripheral_16bit 0x00000100         0x00000100
ram_mirror       0x00000200         0x00000800         xw
infomem          0x00001000         0x00000100
infob            0x00001000         0x00000080
infoa            0x00001080         0x00000080
ram              0x00001100         0x00002800         xw
rom              0x00004000         0x0000bfe0         xr
vectors          0x0000ffe0         0x00000020
bsl              0x00000000         0x00000000
infoc            0x00000000         0x00000000
infod            0x00000000         0x00000000
ram2             0x00000000         0x00000000         xw
usbram           0x00000000         0x00000000         xw
far_rom          0x00000000         0x00000000
*default*        0x00000000         0xffffffff

Linker script and memory map

LOAD /usr/local/bin/../lib/gcc/msp430/4.7.2/mmpy-16/crt0ivtbl16.o
LOAD CentralUnit.co
LOAD obj_sky/contiki-sky-main.o
LOAD contiki-sky.a
LOAD /usr/local/bin/../lib/gcc/msp430/4.7.2/mmpy-16/libgcc.a
LOAD /usr/local/bin/../lib/gcc/msp430/4.7.2/../../../../msp430/lib/mmpy-16/libc.a
LOAD /usr/local/bin/../lib/gcc/msp430/4.7.2/mmpy-16/libgcc.a
LOAD /usr/local/bin/../lib/gcc/msp430/4.7.2/mmpy-16/libcrt0.a
                0x00000080                PROVIDE (__info_segment_size, 0x80)
                0x00001000                PROVIDE (__infob, 0x1000)
                0x00001080                PROVIDE (__infoa, 0x1080)
                0x00000000                __IE1 = 0x0
                0x00000002                __IFG1 = 0x2
                0x00000004                __ME1 = 0x4
                0x00000001                __IE2 = 0x1
                0x00000003                __IFG2 = 0x3
                0x00000005                __ME2 = 0x5
                0x00000120                __WDTCTL = 0x120
                0x00000130                __MPY = 0x130
                0x00000132                __MPYS = 0x132
                0x00000134                __MAC = 0x134
                0x00000136                __MACS = 0x136
                0x00000138                __OP2 = 0x138
                0x0000013a                __RESLO = 0x13a
                0x0000013c                __RESHI = 0x13c
                0x0000013e                __SUMEXT = 0x13e
                0x00000020                __P1IN = 0x20
                0x00000021                __P1OUT = 0x21
                0x00000022                __P1DIR = 0x22
                0x00000023                __P1IFG = 0x23
                0x00000024                __P1IES = 0x24
                0x00000025                __P1IE = 0x25
                0x00000026                __P1SEL = 0x26
                0x00000028                __P2IN = 0x28
                0x00000029                __P2OUT = 0x29
                0x0000002a                __P2DIR = 0x2a
                0x0000002b                __P2IFG = 0x2b
                0x0000002c                __P2IES = 0x2c
                0x0000002d                __P2IE = 0x2d
                0x0000002e                __P2SEL = 0x2e
                0x00000018                __P3IN = 0x18
                0x00000019                __P3OUT = 0x19
                0x0000001a                __P3DIR = 0x1a
                0x0000001b                __P3SEL = 0x1b
                0x0000001c                __P4IN = 0x1c
                0x0000001d                __P4OUT = 0x1d
                0x0000001e                __P4DIR = 0x1e
                0x0000001f                __P4SEL = 0x1f
                0x00000030                __P5IN = 0x30
                0x00000031                __P5OUT = 0x31
                0x00000032                __P5DIR = 0x32
                0x00000033                __P5SEL = 0x33
                0x00000034                __P6IN = 0x34
                0x00000035                __P6OUT = 0x35
                0x00000036                __P6DIR = 0x36
                0x00000037                __P6SEL = 0x37
                0x00000070                __U0CTL = 0x70
                0x00000071                __U0TCTL = 0x71
                0x00000072                __U0RCTL = 0x72
                0x00000073                __U0MCTL = 0x73
                0x00000074                __U0BR0 = 0x74
                0x00000075                __U0BR1 = 0x75
                0x00000076                __U0RXBUF = 0x76
                0x00000077                __U0TXBUF = 0x77
                0x00000078                __U1CTL = 0x78
                0x00000079                __U1TCTL = 0x79
                0x0000007a                __U1RCTL = 0x7a
                0x0000007b                __U1MCTL = 0x7b
                0x0000007c                __U1BR0 = 0x7c
                0x0000007d                __U1BR1 = 0x7d
                0x0000007e                __U1RXBUF = 0x7e
                0x0000007f                __U1TXBUF = 0x7f
                0x00000050                __I2CIE = 0x50
                0x00000051                __I2CIFG = 0x51
                0x00000052                __I2CNDAT = 0x52
                0x00000071                __I2CTCTL = 0x71
                0x00000072                __I2CDCTL = 0x72
                0x00000073                __I2CPSC = 0x73
                0x00000074                __I2CSCLH = 0x74
                0x00000075                __I2CSCLL = 0x75
                0x00000076                __I2CDRB = 0x76
                0x00000076                __I2CDRW = 0x76
                0x00000118                __I2COA = 0x118
                0x0000011a                __I2CSA = 0x11a
                0x0000011c                __I2CIV = 0x11c
                0x0000012e                __TAIV = 0x12e
                0x00000160                __TACTL = 0x160
                0x00000162                __TACCTL0 = 0x162
                0x00000164                __TACCTL1 = 0x164
                0x00000166                __TACCTL2 = 0x166
                0x00000170                __TAR = 0x170
                0x00000172                __TACCR0 = 0x172
                0x00000174                __TACCR1 = 0x174
                0x00000176                __TACCR2 = 0x176
                0x0000011e                __TBIV = 0x11e
                0x00000180                __TBCTL = 0x180
                0x00000182                __TBCCTL0 = 0x182
                0x00000184                __TBCCTL1 = 0x184
                0x00000186                __TBCCTL2 = 0x186
                0x00000188                __TBCCTL3 = 0x188
                0x0000018a                __TBCCTL4 = 0x18a
                0x0000018c                __TBCCTL5 = 0x18c
                0x0000018e                __TBCCTL6 = 0x18e
                0x00000190                __TBR = 0x190
                0x00000192                __TBCCR0 = 0x192
                0x00000194                __TBCCR1 = 0x194
                0x00000196                __TBCCR2 = 0x196
                0x00000198                __TBCCR3 = 0x198
                0x0000019a                __TBCCR4 = 0x19a
                0x0000019c                __TBCCR5 = 0x19c
                0x0000019e                __TBCCR6 = 0x19e
                0x00000056                __DCOCTL = 0x56
                0x00000057                __BCSCTL1 = 0x57
                0x00000058                __BCSCTL2 = 0x58
                0x00000055                __SVSCTL = 0x55
                0x00000128                __FCTL1 = 0x128
                0x0000012a                __FCTL2 = 0x12a
                0x0000012c                __FCTL3 = 0x12c
                0x00000059                __CACTL1 = 0x59
                0x0000005a                __CACTL2 = 0x5a
                0x0000005b                __CAPD = 0x5b
                0x000001a0                __ADC12CTL0 = 0x1a0
                0x000001a2                __ADC12CTL1 = 0x1a2
                0x000001a4                __ADC12IFG = 0x1a4
                0x000001a6                __ADC12IE = 0x1a6
                0x000001a8                __ADC12IV = 0x1a8
                0x00000140                __ADC12MEM0 = 0x140
                0x00000142                __ADC12MEM1 = 0x142
                0x00000144                __ADC12MEM2 = 0x144
                0x00000146                __ADC12MEM3 = 0x146
                0x00000148                __ADC12MEM4 = 0x148
                0x0000014a                __ADC12MEM5 = 0x14a
                0x0000014c                __ADC12MEM6 = 0x14c
                0x0000014e                __ADC12MEM7 = 0x14e
                0x00000150                __ADC12MEM8 = 0x150
                0x00000152                __ADC12MEM9 = 0x152
                0x00000154                __ADC12MEM10 = 0x154
                0x00000156                __ADC12MEM11 = 0x156
                0x00000158                __ADC12MEM12 = 0x158
                0x0000015a                __ADC12MEM13 = 0x15a
                0x0000015c                __ADC12MEM14 = 0x15c
                0x0000015e                __ADC12MEM15 = 0x15e
                0x00000080                __ADC12MCTL0 = 0x80
                0x00000081                __ADC12MCTL1 = 0x81
                0x00000082                __ADC12MCTL2 = 0x82
                0x00000083                __ADC12MCTL3 = 0x83
                0x00000084                __ADC12MCTL4 = 0x84
                0x00000085                __ADC12MCTL5 = 0x85
                0x00000086                __ADC12MCTL6 = 0x86
                0x00000087                __ADC12MCTL7 = 0x87
                0x00000088                __ADC12MCTL8 = 0x88
                0x00000089                __ADC12MCTL9 = 0x89
                0x0000008a                __ADC12MCTL10 = 0x8a
                0x0000008b                __ADC12MCTL11 = 0x8b
                0x0000008c                __ADC12MCTL12 = 0x8c
                0x0000008d                __ADC12MCTL13 = 0x8d
                0x0000008e                __ADC12MCTL14 = 0x8e
                0x0000008f                __ADC12MCTL15 = 0x8f
                0x000001c0                __DAC12_0CTL = 0x1c0
                0x000001c2                __DAC12_1CTL = 0x1c2
                0x000001c8                __DAC12_0DAT = 0x1c8
                0x000001ca                __DAC12_1DAT = 0x1ca
                0x00000122                __DMACTL0 = 0x122
                0x00000124                __DMACTL1 = 0x124
                0x000001e0                __DMA0CTL = 0x1e0
                0x000001e8                __DMA1CTL = 0x1e8
                0x000001f0                __DMA2CTL = 0x1f0
                0x000001e2                __DMA0SA = 0x1e2
                0x000001e4                __DMA0DA = 0x1e4
                0x000001e6                __DMA0SZ = 0x1e6
                0x000001ea                __DMA1SA = 0x1ea
                0x000001ec                __DMA1DA = 0x1ec
                0x000001ee                __DMA1SZ = 0x1ee
                0x000001f2                __DMA2SA = 0x1f2
                0x000001f4                __DMA2DA = 0x1f4
                0x000001f6                __DMA2SZ = 0x1f6

.hash
 *(.hash)

.dynsym
 *(.dynsym)

.dynstr
 *(.dynstr)

.gnu.version
 *(.gnu.version)

.gnu.version_d
 *(.gnu.version_d)

.gnu.version_r
 *(.gnu.version_r)

.rel.init
 *(.rel.init)

.rela.init
 *(.rela.init)

.rel.fini
 *(.rel.fini)

.rela.fini
 *(.rela.fini)

.rel.text
 *(.rel.text .rel.text.* .rel.gnu.linkonce.t.*)

.rela.text
 *(.rela.text .rela.text.* .rela.gnu.linkonce.t.*)

.rel.rodata
 *(.rel.rodata .rel.rodata.* .rel.gnu.linkonce.r.*)

.rela.rodata
 *(.rela.rodata .rela.rodata.* .rela.gnu.linkonce.r.*)

.rel.data
 *(.rel.data .rel.data.* .rel.gnu.linkonce.d.*)

.rela.data
 *(.rela.data .rela.data.* .rela.gnu.linkonce.d.*)

.rel.bss
 *(.rel.bss .rel.bss.* .rel.gnu.linkonce.b.*)

.rela.bss
 *(.rela.bss .rela.bss.* .rela.gnu.linkonce.b.*)

.rel.ctors
 *(.rel.ctors)

.rela.ctors
 *(.rela.ctors)

.rel.dtors
 *(.rel.dtors)

.rela.dtors
 *(.rela.dtors)

.rel.got
 *(.rel.got)

.rela.got
 *(.rela.got)

.rel.plt
 *(.rel.plt)

.rela.plt
 *(.rela.plt)

.text           0x00004000     0x557a
                0x00004000                . = ALIGN (0x2)
 *(.init .init.*)
 *(.init0)
 .init0         0x00004000        0x0 /usr/local/bin/../lib/gcc/msp430/4.7.2/mmpy-16/libcrt0.a(_reset_vector__.o)
                0x00004000                _reset_vector__
 *(.init1)
 .init1         0x00004000        0xc /usr/local/bin/../lib/gcc/msp430/4.7.2/mmpy-16/libcrt0.a(__watchdog_support.o)
                0x00004000                __watchdog_support
 *(.init2)
 .init2         0x0000400c        0x4 /usr/local/bin/../lib/gcc/msp430/4.7.2/mmpy-16/libcrt0.a(__init_stack.o)
                0x0000400c                __init_stack
 *(.init3)
 .init3         0x00004010        0x0 /usr/local/bin/../lib/gcc/msp430/4.7.2/mmpy-16/libcrt0.a(__low_level_init.o)
                0x00004010                __low_level_init
 *(.init4)
 .init4         0x00004010       0x18 /usr/local/bin/../lib/gcc/msp430/4.7.2/mmpy-16/libcrt0.a(_copy_data.o)
                0x00004010                __do_copy_data
 .init4         0x00004028       0x16 /usr/local/bin/../lib/gcc/msp430/4.7.2/mmpy-16/libcrt0.a(_clear_bss.o)
                0x00004028                __do_clear_bss
 *(.init5)
 *(.init6)
 *(.init7)
 *(.init8)
 *(.init9)
 .init9         0x0000403e      0x2d8 obj_sky/contiki-sky-main.o
                0x0000403e                main
 *(.fini9)
 .fini9         0x00004316        0x0 /usr/local/bin/../lib/gcc/msp430/4.7.2/mmpy-16/libcrt0.a(__stop_progExec__.o)
                0x00004316                __stop_progExec__
 *(.fini8)
 *(.fini7)
 *(.fini6)
 *(.fini5)
 *(.fini4)
 *(.fini3)
 *(.fini2)
 *(.fini1)
 *(.fini0)
 .fini0         0x00004316        0x6 /usr/local/bin/../lib/gcc/msp430/4.7.2/mmpy-16/libcrt0.a(_endless_loop__.o)
                0x00004316                _endless_loop__
 *(.fini .fini.*)
                0x0000431c                . = ALIGN (0x2)
                0x0000431c                __ctors_start = .
 *(.ctors)
                0x0000431c                __ctors_end = .
                0x0000431c                __dtors_start = .
 *(.dtors)
                0x0000431c                __dtors_end = .
                0x0000431c                . = ALIGN (0x2)
 *(.text .text.* .gnu.linkonce.t.*)
 .text          0x0000431c        0x4 /usr/local/bin/../lib/gcc/msp430/4.7.2/mmpy-16/crt0ivtbl16.o
                0x0000431c                __isr_14
                0x0000431c                __isr_11
                0x0000431c                __isr_2
                0x0000431c                __isr_7
                0x0000431c                __isr_0
                0x0000431c                __isr_8
                0x0000431c                __isr_3
                0x0000431c                __isr_12
                0x0000431c                __isr_13
                0x0000431c                __isr_9
 .text.timedout_runicast
                0x00004320       0x1a CentralUnit.co
 .text.broadcast_sent
                0x0000433a       0x42 CentralUnit.co
 .text.broadcast_recv
                0x0000437c       0x18 CentralUnit.co
 .text.process_thread_WaitCommand
                0x00004394      0x19c CentralUnit.co
 .text.recv_runicast
                0x00004530       0x82 CentralUnit.co
 .text.sent_runicast
                0x000045b2       0x50 CentralUnit.co
 .text.init_platform
                0x00004602        0xc contiki-sky.a(contiki-sky-pla)
                0x00004602                init_platform
 .text.status   0x0000460e       0x18 contiki-sky.a(button-sensor.o)
 .text.value    0x00004626       0x20 contiki-sky.a(button-sensor.o)
 .text.configure
                0x00004646       0x4c contiki-sky.a(button-sensor.o)
 .text.irq_p2   0x00004692       0x88 contiki-sky.a(button-sensor.o)
                0x00004692                irq_p2
                0x00004692                __isr_1
 .text.owreadb  0x0000471a       0x50 contiki-sky.a(ds2411.o)
 .text.ds2411_init
                0x0000476a      0x120 contiki-sky.a(ds2411.o)
                0x0000476a                ds2411_init
 .text.wait_ready
                0x0000488a       0x4a contiki-sky.a(xmem.o)
 .text.xmem_init
                0x000048d4       0x3c contiki-sky.a(xmem.o)
                0x000048d4                xmem_init
 .text.xmem_pread
                0x00004910       0xda contiki-sky.a(xmem.o)
                0x00004910                xmem_pread
 .text.node_id_restore
                0x000049ea       0x38 contiki-sky.a(node-id.o)
                0x000049ea                node_id_restore
 .text.process_thread_sensors_process
                0x00004a22       0xc2 contiki-sky.a(sensors.o)
 .text.sensors_changed
                0x00004ae4       0x2a contiki-sky.a(sensors.o)
                0x00004ae4                sensors_changed
 .text.get_object
                0x00004b0e        0x4 contiki-sky.a(cc2420.o)
 .text.set_object
                0x00004b12        0x4 contiki-sky.a(cc2420.o)
 .text.strobe   0x00004b16       0x1c contiki-sky.a(cc2420.o)
 .text.getreg   0x00004b32       0x4c contiki-sky.a(cc2420.o)
 .text.setreg   0x00004b7e       0x4c contiki-sky.a(cc2420.o)
 .text.write_ram
                0x00004bca       0x7c contiki-sky.a(cc2420.o)
 .text.write_fifo_buf
                0x00004c46       0x3c contiki-sky.a(cc2420.o)
 .text.get_status
                0x00004c82       0x20 contiki-sky.a(cc2420.o)
 .text.set_txpower
                0x00004ca2       0x24 contiki-sky.a(cc2420.o)
 .text.cc2420_receiving_packet
                0x00004cc6        0xc contiki-sky.a(cc2420.o)
 .text.pending_packet
                0x00004cd2        0x8 contiki-sky.a(cc2420.o)
 .text.on       0x00004cda       0x26 contiki-sky.a(cc2420.o)
 .text.wait_for_transmission
                0x00004d00       0x22 contiki-sky.a(cc2420.o)
 .text.wait_for_status
                0x00004d22       0x28 contiki-sky.a(cc2420.o)
 .text.getrxdata
                0x00004d4a       0x50 contiki-sky.a(cc2420.o)
 .text.flushrx  0x00004d9a       0x1a contiki-sky.a(cc2420.o)
 .text.off      0x00004db4       0x5e contiki-sky.a(cc2420.o)
 .text.RELEASE_LOCK
                0x00004e12       0x28 contiki-sky.a(cc2420.o)
 .text.set_key  0x00004e3a       0x18 contiki-sky.a(cc2420.o)
 .text.set_frame_filtering
                0x00004e52       0x30 contiki-sky.a(cc2420.o)
 .text.set_auto_ack
                0x00004e82       0x30 contiki-sky.a(cc2420.o)
 .text.set_poll_mode
                0x00004eb2       0x2c contiki-sky.a(cc2420.o)
 .text.cc2420_prepare
                0x00004ede       0x3c contiki-sky.a(cc2420.o)
 .text.cc2420_on
                0x00004f1a       0x22 contiki-sky.a(cc2420.o)
                0x00004f1a                cc2420_on
 .text.cc2420_off
                0x00004f3c       0x30 contiki-sky.a(cc2420.o)
                0x00004f3c                cc2420_off
 .text.cc2420_cca
                0x00004f6c       0x68 contiki-sky.a(cc2420.o)
 .text.cc2420_read
                0x00004fd4       0xbc contiki-sky.a(cc2420.o)
 .text.process_thread_cc2420_process
                0x00005090       0x5c contiki-sky.a(cc2420.o)
 .text.encrypt  0x000050ec       0x88 contiki-sky.a(cc2420.o)
 .text.cc2420_set_channel
                0x00005174       0x3c contiki-sky.a(cc2420.o)
                0x00005174                cc2420_set_channel
 .text.cc2420_set_pan_addr
                0x000051b0       0x4c contiki-sky.a(cc2420.o)
                0x000051b0                cc2420_set_pan_addr
 .text.cc2420_interrupt
                0x000051fc       0x16 contiki-sky.a(cc2420.o)
                0x000051fc                cc2420_interrupt
 .text.cc2420_set_txpower
                0x00005212        0xe contiki-sky.a(cc2420.o)
                0x00005212                cc2420_set_txpower
 .text.cc2420_get_txpower
                0x00005220       0x1e contiki-sky.a(cc2420.o)
                0x00005220                cc2420_get_txpower
 .text.cc2420_transmit
                0x0000523e      0x136 contiki-sky.a(cc2420.o)
 .text.cc2420_send
                0x00005374       0x12 contiki-sky.a(cc2420.o)
 .text.cc2420_rssi
                0x00005386       0x4c contiki-sky.a(cc2420.o)
                0x00005386                cc2420_rssi
 .text.get_value
                0x000053d2      0x104 contiki-sky.a(cc2420.o)
 .text.cc2420_set_cca_threshold
                0x000054d6       0x16 contiki-sky.a(cc2420.o)
                0x000054d6                cc2420_set_cca_threshold
 .text.set_value
                0x000054ec       0xb8 contiki-sky.a(cc2420.o)
 .text.cc2420_init
                0x000055a4       0xea contiki-sky.a(cc2420.o)
                0x000055a4                cc2420_init
 .text.cc2420_port1_interrupt
                0x0000568e       0x62 contiki-sky.a(cc2420-arch.o)
                0x0000568e                __isr_4
                0x0000568e                cc2420_port1_interrupt
 .text.cc2420_arch_init
                0x000056f0       0x1a contiki-sky.a(cc2420-arch.o)
                0x000056f0                cc2420_arch_init
 .text.handle_rxdma_timer
                0x0000570a       0x3a contiki-sky.a(uart1.o)
 .text.uart1_active
                0x00005744       0x18 contiki-sky.a(uart1.o)
                0x00005744                uart1_active
 .text.uart1_set_input
                0x0000575c       0x20 contiki-sky.a(uart1.o)
                0x0000575c                uart1_set_input
 .text.uart1_writeb
                0x0000577c       0x18 contiki-sky.a(uart1.o)
                0x0000577c                uart1_writeb
 .text.uart1_init
                0x00005794       0xf4 contiki-sky.a(uart1.o)
                0x00005794                uart1_init
 .text.putchar  0x00005888       0x10 contiki-sky.a(uart1-putchar.o)
                0x00005888                putchar
 .text.msp430_init_dco
                0x00005898       0x82 contiki-sky.a(msp430.o)
                0x00005898                msp430_init_dco
 .text.msp430_add_lpm_req
                0x0000591a        0xc contiki-sky.a(msp430.o)
                0x0000591a                msp430_add_lpm_req
 .text.msp430_cpu_init
                0x00005926       0x2a contiki-sky.a(msp430.o)
                0x00005926                msp430_cpu_init
 .text.splhigh_
                0x00005950        0x8 contiki-sky.a(msp430.o)
                0x00005950                splhigh_
 .text.msp430_sync_dco
                0x00005958       0x6c contiki-sky.a(msp430.o)
                0x00005958                msp430_sync_dco
 .text.timera1  0x000059c4      0x11e contiki-sky.a(clock.o)
                0x000059c4                __isr_5
                0x000059c4                timera1
 .text.clock_time
                0x00005ae2       0x1a contiki-sky.a(clock.o)
                0x00005ae2                clock_time
 .text.clock_init
                0x00005afc       0x28 contiki-sky.a(clock.o)
                0x00005afc                clock_init
 .text.clock_delay
                0x00005b24        0xc contiki-sky.a(clock.o)
                0x00005b24                clock_delay
 .text.show_leds
                0x00005b30       0xf0 contiki-sky.a(leds.o)
 .text.leds_init
                0x00005c20        0xa contiki-sky.a(leds.o)
                0x00005c20                leds_init
 .text.leds_on  0x00005c2a        0xa contiki-sky.a(leds.o)
                0x00005c2a                leds_on
 .text.leds_off
                0x00005c34        0xe contiki-sky.a(leds.o)
                0x00005c34                leds_off
 .text.leds_arch_init
                0x00005c42        0xe contiki-sky.a(leds-arch.o)
                0x00005c42                leds_arch_init
 .text.leds_arch_set
                0x00005c50       0x38 contiki-sky.a(leds-arch.o)
                0x00005c50                leds_arch_set
 .text.watchdog_interrupt
                0x00005c88        0x6 contiki-sky.a(watchdog.o)
                0x00005c88                __isr_10
                0x00005c88                watchdog_interrupt
 .text.watchdog_start
                0x00005c8e       0x14 contiki-sky.a(watchdog.o)
                0x00005c8e                watchdog_start
 .text.watchdog_periodic
                0x00005ca2       0x12 contiki-sky.a(watchdog.o)
                0x00005ca2                watchdog_periodic
 .text.watchdog_stop
                0x00005cb4       0x16 contiki-sky.a(watchdog.o)
                0x00005cb4                watchdog_stop
 .text.watchdog_init
                0x00005cca       0x12 contiki-sky.a(watchdog.o)
                0x00005cca                watchdog_init
 .text.rtimer_arch_init
                0x00005cdc        0xe contiki-sky.a(rtimer-arch.o)
                0x00005cdc                rtimer_arch_init
 .text.rtimer_arch_now
                0x00005cea        0xe contiki-sky.a(rtimer-arch.o)
                0x00005cea                rtimer_arch_now
 .text.timera0  0x00005cf8       0x70 contiki-sky.a(rtimer-arch.o)
                0x00005cf8                __isr_6
                0x00005cf8                timera0
 .text.rtimer_arch_schedule
                0x00005d68        0x6 contiki-sky.a(rtimer-arch.o)
                0x00005d68                rtimer_arch_schedule
 .text.autostart_start
                0x00005d6e       0x16 contiki-sky.a(autostart.o)
                0x00005d6e                autostart_start
 .text.process_thread_ctimer_process
                0x00005d84       0xa8 contiki-sky.a(ctimer.o)
 .text.ctimer_init
                0x00005e2c       0x18 contiki-sky.a(ctimer.o)
                0x00005e2c                ctimer_init
 .text.ctimer_set_with_process
                0x00005e44       0x4e contiki-sky.a(ctimer.o)
                0x00005e44                ctimer_set_with_process
 .text.ctimer_set
                0x00005e92       0x10 contiki-sky.a(ctimer.o)
                0x00005e92                ctimer_set
 .text.ctimer_reset
                0x00005ea2       0x30 contiki-sky.a(ctimer.o)
                0x00005ea2                ctimer_reset
 .text.ctimer_restart
                0x00005ed2       0x30 contiki-sky.a(ctimer.o)
                0x00005ed2                ctimer_restart
 .text.ctimer_stop
                0x00005f02       0x28 contiki-sky.a(ctimer.o)
                0x00005f02                ctimer_stop
 .text.energest_init
                0x00005f2a       0x26 contiki-sky.a(energest.o)
                0x00005f2a                energest_init
 .text.energest_type_time
                0x00005f50       0x48 contiki-sky.a(energest.o)
                0x00005f50                energest_type_time
 .text.energest_type_set
                0x00005f98        0xe contiki-sky.a(energest.o)
                0x00005f98                energest_type_set
 .text.energest_flush
                0x00005fa6       0x48 contiki-sky.a(energest.o)
                0x00005fa6                energest_flush
 .text.update_time
                0x00005fee       0x78 contiki-sky.a(etimer.o)
 .text.etimer_request_poll
                0x00006066        0xa contiki-sky.a(etimer.o)
                0x00006066                etimer_request_poll
 .text.process_thread_etimer_process
                0x00006070       0xcc contiki-sky.a(etimer.o)
 .text.add_timer
                0x0000613c       0x40 contiki-sky.a(etimer.o)
 .text.etimer_set
                0x0000617c       0x12 contiki-sky.a(etimer.o)
                0x0000617c                etimer_set
 .text.etimer_reset
                0x0000618e       0x12 contiki-sky.a(etimer.o)
                0x0000618e                etimer_reset
 .text.etimer_restart
                0x000061a0       0x12 contiki-sky.a(etimer.o)
                0x000061a0                etimer_restart
 .text.etimer_expired
                0x000061b2        0xe contiki-sky.a(etimer.o)
                0x000061b2                etimer_expired
 .text.etimer_pending
                0x000061c0        0xc contiki-sky.a(etimer.o)
                0x000061c0                etimer_pending
 .text.etimer_next_expiration_time
                0x000061cc       0x16 contiki-sky.a(etimer.o)
                0x000061cc                etimer_next_expiration_time
 .text.etimer_stop
                0x000061e2       0x3e contiki-sky.a(etimer.o)
                0x000061e2                etimer_stop
 .text.call_process
                0x00006220       0x46 contiki-sky.a(process.o)
 .text.exit_process
                0x00006266       0x96 contiki-sky.a(process.o)
 .text.do_poll  0x000062fc       0x30 contiki-sky.a(process.o)
 .text.process_alloc_event
                0x0000632c        0xe contiki-sky.a(process.o)
                0x0000632c                process_alloc_event
 .text.process_init
                0x0000633a       0x1c contiki-sky.a(process.o)
                0x0000633a                process_init
 .text.process_run
                0x00006356       0x92 contiki-sky.a(process.o)
                0x00006356                process_run
 .text.process_nevents
                0x000063e8        0xe contiki-sky.a(process.o)
                0x000063e8                process_nevents
 .text.process_post
                0x000063f6       0x4e contiki-sky.a(process.o)
                0x000063f6                process_post
 .text.process_post_synch
                0x00006444       0x12 contiki-sky.a(process.o)
                0x00006444                process_post_synch
 .text.process_start
                0x00006456       0x36 contiki-sky.a(process.o)
                0x00006456                process_start
 .text.process_poll
                0x0000648c       0x18 contiki-sky.a(process.o)
                0x0000648c                process_poll
 .text.rtimer_init
                0x000064a4        0x6 contiki-sky.a(rtimer.o)
                0x000064a4                rtimer_init
 .text.rtimer_set
                0x000064aa       0x24 contiki-sky.a(rtimer.o)
                0x000064aa                rtimer_set
 .text.rtimer_run_next
                0x000064ce       0x26 contiki-sky.a(rtimer.o)
                0x000064ce                rtimer_run_next
 .text.timer_set
                0x000064f4       0x1c contiki-sky.a(timer.o)
                0x000064f4                timer_set
 .text.timer_reset
                0x00006510        0xe contiki-sky.a(timer.o)
                0x00006510                timer_reset
 .text.timer_restart
                0x0000651e       0x14 contiki-sky.a(timer.o)
                0x0000651e                timer_restart
 .text.timer_expired
                0x00006532       0x2a contiki-sky.a(timer.o)
                0x00006532                timer_expired
 .text.process_thread_serial_line_process
                0x0000655c       0x9e contiki-sky.a(serial-line.o)
 .text.serial_line_input_byte
                0x000065fa       0x4a contiki-sky.a(serial-line.o)
                0x000065fa                serial_line_input_byte
 .text.serial_line_init
                0x00006644       0x1c contiki-sky.a(serial-line.o)
                0x00006644                serial_line_init
 .text.ringbuf_init
                0x00006660       0x14 contiki-sky.a(ringbuf.o)
                0x00006660                ringbuf_init
 .text.ringbuf_put
                0x00006674       0x38 contiki-sky.a(ringbuf.o)
                0x00006674                ringbuf_put
 .text.ringbuf_get
                0x000066ac       0x32 contiki-sky.a(ringbuf.o)
                0x000066ac                ringbuf_get
 .text.list_init
                0x000066de        0x6 contiki-sky.a(list.o)
                0x000066de                list_init
 .text.list_head
                0x000066e4        0x4 contiki-sky.a(list.o)
                0x000066e4                list_head
 .text.list_tail
                0x000066e8       0x12 contiki-sky.a(list.o)
                0x000066e8                list_tail
 .text.list_remove
                0x000066fa       0x34 contiki-sky.a(list.o)
                0x000066fa                list_remove
 .text.list_push
                0x0000672e       0x1a contiki-sky.a(list.o)
                0x0000672e                list_push
 .text.list_add
                0x00006748       0x2a contiki-sky.a(list.o)
                0x00006748                list_add
 .text.list_length
                0x00006772       0x10 contiki-sky.a(list.o)
                0x00006772                list_length
 .text.list_item_next
                0x00006782        0xc contiki-sky.a(list.o)
                0x00006782                list_item_next
 .text.random_init
                0x0000678e        0x6 contiki-sky.a(random.o)
                0x0000678e                random_init
 .text.random_rand
                0x00006794        0x6 contiki-sky.a(random.o)
                0x00006794                random_rand
 .text.input    0x0000679a       0x3a contiki-sky.a(rime.o)
 .text.init     0x000067d4       0x2e contiki-sky.a(rime.o)
 .text.packet_sent
                0x00006802       0x44 contiki-sky.a(rime.o)
 .text.rime_output
                0x00006846       0x24 contiki-sky.a(rime.o)
                0x00006846                rime_output
 .text.adv_packet_sent
                0x0000686a        0x2 contiki-sky.a(broadcast-annou)
 .text.adv_packet_received
                0x0000686c       0x64 contiki-sky.a(broadcast-annou)
 .text.set_timers
                0x000068d0       0x4a contiki-sky.a(broadcast-annou)
 .text.send_timer
                0x0000691a       0x32 contiki-sky.a(broadcast-annou)
 .text.send_adv
                0x0000694c       0x66 contiki-sky.a(broadcast-annou)
 .text.new_announcement
                0x000069b2       0x18 contiki-sky.a(broadcast-annou)
 .text.broadcast_announcement_init
                0x000069ca       0x48 contiki-sky.a(broadcast-annou)
                0x000069ca                broadcast_announcement_init
 .text.announcement_init
                0x00006a12        0xa contiki-sky.a(announcement.o)
                0x00006a12                announcement_init
 .text.announcement_register_observer_callback
                0x00006a1c        0x6 contiki-sky.a(announcement.o)
                0x00006a1c                announcement_register_observer_callback
 .text.announcement_list
                0x00006a22        0xa contiki-sky.a(announcement.o)
                0x00006a22                announcement_list
 .text.announcement_heard
                0x00006a2c       0x42 contiki-sky.a(announcement.o)
                0x00006a2c                announcement_heard
 .text.sent_by_stunicast
                0x00006a6e       0x5e contiki-sky.a(runicast.o)
 .text.recv_from_stunicast
                0x00006acc       0x9e contiki-sky.a(runicast.o)
 .text.runicast_open
                0x00006b6a       0x36 contiki-sky.a(runicast.o)
                0x00006b6a                runicast_open
 .text.runicast_close
                0x00006ba0        0x6 contiki-sky.a(runicast.o)
                0x00006ba0                runicast_close
 .text.runicast_is_transmitting
                0x00006ba6        0x6 contiki-sky.a(runicast.o)
                0x00006ba6                runicast_is_transmitting
 .text.runicast_send
                0x00006bac       0x48 contiki-sky.a(runicast.o)
                0x00006bac                runicast_send
 .text.recv_from_uc
                0x00006bf4        0xe contiki-sky.a(stunicast.o)
 .text.sent_by_uc
                0x00006c02       0x10 contiki-sky.a(stunicast.o)
 .text.send     0x00006c12       0x2a contiki-sky.a(stunicast.o)
 .text.stunicast_open
                0x00006c3c       0x1a contiki-sky.a(stunicast.o)
                0x00006c3c                stunicast_open
 .text.stunicast_receiver
                0x00006c56        0x6 contiki-sky.a(stunicast.o)
                0x00006c56                stunicast_receiver
 .text.stunicast_send_stubborn
                0x00006c5c       0x68 contiki-sky.a(stunicast.o)
                0x00006c5c                stunicast_send_stubborn
 .text.stunicast_send
                0x00006cc4        0x6 contiki-sky.a(stunicast.o)
                0x00006cc4                stunicast_send
 .text.stunicast_cancel
                0x00006cca       0x20 contiki-sky.a(stunicast.o)
                0x00006cca                stunicast_cancel
 .text.stunicast_close
                0x00006cea       0x12 contiki-sky.a(stunicast.o)
                0x00006cea                stunicast_close
 .text.chameleon_init
                0x00006cfc        0x6 contiki-sky.a(chameleon.o)
                0x00006cfc                chameleon_init
 .text.chameleon_parse
                0x00006d02       0x10 contiki-sky.a(chameleon.o)
                0x00006d02                chameleon_parse
 .text.chameleon_create
                0x00006d12       0x1c contiki-sky.a(chameleon.o)
                0x00006d12                chameleon_create
 .text.chameleon_hdrsize
                0x00006d2e        0x6 contiki-sky.a(chameleon.o)
                0x00006d2e                chameleon_hdrsize
 .text.channel_init
                0x00006d34        0xa contiki-sky.a(channel.o)
                0x00006d34                channel_init
 .text.channel_open
                0x00006d3e       0x10 contiki-sky.a(channel.o)
                0x00006d3e                channel_open
 .text.channel_close
                0x00006d4e        0xc contiki-sky.a(channel.o)
                0x00006d4e                channel_close
 .text.channel_lookup
                0x00006d5a       0x20 contiki-sky.a(channel.o)
                0x00006d5a                channel_lookup
 .text.channel_set_attributes
                0x00006d7a       0x24 contiki-sky.a(channel.o)
                0x00006d7a                channel_set_attributes
 .text.sent_by_abc
                0x00006d9e       0x10 contiki-sky.a(broadcast.o)
 .text.recv_from_abc
                0x00006dae       0x26 contiki-sky.a(broadcast.o)
 .text.broadcast_open
                0x00006dd4       0x2a contiki-sky.a(broadcast.o)
                0x00006dd4                broadcast_open
 .text.broadcast_close
                0x00006dfe        0x6 contiki-sky.a(broadcast.o)
                0x00006dfe                broadcast_close
 .text.broadcast_send
                0x00006e04       0x1a contiki-sky.a(broadcast.o)
                0x00006e04                broadcast_send
 .text.sent_by_broadcast
                0x00006e1e       0x10 contiki-sky.a(unicast.o)
 .text.recv_from_broadcast
                0x00006e2e       0x2e contiki-sky.a(unicast.o)
 .text.unicast_open
                0x00006e5c       0x2a contiki-sky.a(unicast.o)
                0x00006e5c                unicast_open
 .text.unicast_close
                0x00006e86        0x6 contiki-sky.a(unicast.o)
                0x00006e86                unicast_close
 .text.unicast_send
                0x00006e8c       0x16 contiki-sky.a(unicast.o)
                0x00006e8c                unicast_send
 .text.abc_open
                0x00006ea2       0x26 contiki-sky.a(abc.o)
                0x00006ea2                abc_open
 .text.abc_close
                0x00006ec8        0x6 contiki-sky.a(abc.o)
                0x00006ec8                abc_close
 .text.abc_send
                0x00006ece        0x6 contiki-sky.a(abc.o)
                0x00006ece                abc_send
 .text.abc_input
                0x00006ed4        0xe contiki-sky.a(abc.o)
                0x00006ed4                abc_input
 .text.abc_sent
                0x00006ee2       0x10 contiki-sky.a(abc.o)
                0x00006ee2                abc_sent
 .text.input_packet
                0x00006ef2        0x6 contiki-sky.a(csma.o)
 .text.on       0x00006ef8        0x6 contiki-sky.a(csma.o)
 .text.off      0x00006efe        0x6 contiki-sky.a(csma.o)
 .text.channel_check_interval
                0x00006f04       0x10 contiki-sky.a(csma.o)
 .text.transmit_packet_list
                0x00006f14       0x24 contiki-sky.a(csma.o)
 .text.schedule_transmission
                0x00006f38       0x94 contiki-sky.a(csma.o)
 .text.init     0x00006fcc       0x1a contiki-sky.a(csma.o)
 .text.tx_done  0x00006fe6       0x92 contiki-sky.a(csma.o)
 .text.send_packet
                0x00007078      0x170 contiki-sky.a(csma.o)
 .text.packet_sent
                0x000071e8       0xd6 contiki-sky.a(csma.o)
 .text.mac_call_sent_callback
                0x000072be       0x14 contiki-sky.a(mac.o)
                0x000072be                mac_call_sent_callback
 .text.queuebuf_init
                0x000072d2       0x12 contiki-sky.a(queuebuf.o)
                0x000072d2                queuebuf_init
 .text.queuebuf_new_from_packetbuf
                0x000072e4       0x52 contiki-sky.a(queuebuf.o)
                0x000072e4                queuebuf_new_from_packetbuf
 .text.queuebuf_update_attr_from_packetbuf
                0x00007336       0x12 contiki-sky.a(queuebuf.o)
                0x00007336                queuebuf_update_attr_from_packetbuf
 .text.queuebuf_update_from_packetbuf
                0x00007348       0x22 contiki-sky.a(queuebuf.o)
                0x00007348                queuebuf_update_from_packetbuf
 .text.queuebuf_free
                0x0000736a       0x2a contiki-sky.a(queuebuf.o)
                0x0000736a                queuebuf_free
 .text.queuebuf_to_packetbuf
                0x00007394       0x32 contiki-sky.a(queuebuf.o)
                0x00007394                queuebuf_to_packetbuf
 .text.queuebuf_attr
                0x000073c6        0xe contiki-sky.a(queuebuf.o)
                0x000073c6                queuebuf_attr
 .text.packetbuf_hdrreduce
                0x000073d4       0x1a contiki-sky.a(packetbuf.o)
                0x000073d4                packetbuf_hdrreduce
 .text.packetbuf_set_datalen
                0x000073ee        0x6 contiki-sky.a(packetbuf.o)
                0x000073ee                packetbuf_set_datalen
 .text.packetbuf_hdrptr
                0x000073f4        0x6 contiki-sky.a(packetbuf.o)
                0x000073f4                packetbuf_hdrptr
 .text.packetbuf_datalen
                0x000073fa        0x6 contiki-sky.a(packetbuf.o)
                0x000073fa                packetbuf_datalen
 .text.packetbuf_hdrlen
                0x00007400        0xa contiki-sky.a(packetbuf.o)
                0x00007400                packetbuf_hdrlen
 .text.packetbuf_dataptr
                0x0000740a        0xc contiki-sky.a(packetbuf.o)
                0x0000740a                packetbuf_dataptr
 .text.packetbuf_copyto
                0x00007416       0x46 contiki-sky.a(packetbuf.o)
                0x00007416                packetbuf_copyto
 .text.packetbuf_compact
                0x0000745c       0x44 contiki-sky.a(packetbuf.o)
                0x0000745c                packetbuf_compact
 .text.packetbuf_totlen
                0x000074a0        0xc contiki-sky.a(packetbuf.o)
                0x000074a0                packetbuf_totlen
 .text.packetbuf_hdralloc
                0x000074ac       0x3c contiki-sky.a(packetbuf.o)
                0x000074ac                packetbuf_hdralloc
 .text.packetbuf_attr_clear
                0x000074e8       0x2c contiki-sky.a(packetbuf.o)
                0x000074e8                packetbuf_attr_clear
 .text.packetbuf_clear
                0x00007514       0x12 contiki-sky.a(packetbuf.o)
                0x00007514                packetbuf_clear
 .text.packetbuf_copyfrom
                0x00007526       0x2e contiki-sky.a(packetbuf.o)
                0x00007526                packetbuf_copyfrom
 .text.packetbuf_attr_copyto
                0x00007554       0x20 contiki-sky.a(packetbuf.o)
                0x00007554                packetbuf_attr_copyto
 .text.packetbuf_attr_copyfrom
                0x00007574       0x22 contiki-sky.a(packetbuf.o)
                0x00007574                packetbuf_attr_copyfrom
 .text.packetbuf_holds_broadcast
                0x00007596        0xe contiki-sky.a(packetbuf.o)
                0x00007596                packetbuf_holds_broadcast
 .text.linkaddr_copy
                0x000075a4        0xc contiki-sky.a(linkaddr.o)
                0x000075a4                linkaddr_copy
 .text.linkaddr_cmp
                0x000075b0       0x12 contiki-sky.a(linkaddr.o)
                0x000075b0                linkaddr_cmp
 .text.linkaddr_set_node_addr
                0x000075c2        0xc contiki-sky.a(linkaddr.o)
                0x000075c2                linkaddr_set_node_addr
 .text.duty_cycle
                0x000075ce        0x6 contiki-sky.a(contikimac.o)
 .text.init     0x000075d4       0x2a contiki-sky.a(contikimac.o)
 .text.on       0x000075fe       0x1a contiki-sky.a(contikimac.o)
 .text.off      0x00007618       0x22 contiki-sky.a(contikimac.o)
 .text.recv_burst_off
                0x0000763a        0xa contiki-sky.a(contikimac.o)
 .text.turn_off
                0x00007644       0x20 contiki-sky.a(contikimac.o)
 .text.turn_on  0x00007664       0x30 contiki-sky.a(contikimac.o)
 .text.schedule_powercycle_fixed.part.4
                0x00007694       0x32 contiki-sky.a(contikimac.o)
 .text.powercycle_turn_radio_off
                0x000076c6       0x30 contiki-sky.a(contikimac.o)
 .text.input_packet
                0x000076f6       0xb6 contiki-sky.a(contikimac.o)
 .text.send_packet.isra.8
                0x000077ac      0x20c contiki-sky.a(contikimac.o)
 .text.qsend_list
                0x000079b8       0xc6 contiki-sky.a(contikimac.o)
 .text.qsend_packet
                0x00007a7e       0x28 contiki-sky.a(contikimac.o)
 .text.powercycle_wrapper
                0x00007aa6      0x1ca contiki-sky.a(contikimac.o)
 .text.hdr_length
                0x00007c70        0x8 contiki-sky.a(contikimac-fram)
 .text.parse    0x00007c78       0x3a contiki-sky.a(contikimac-fram)
 .text.create   0x00007cb2       0x74 contiki-sky.a(contikimac-fram)
 .text.init     0x00007d26        0x2 contiki-sky.a(nullsec.o)
 .text.send     0x00007d28        0xa contiki-sky.a(nullsec.o)
 .text.input    0x00007d32        0x6 contiki-sky.a(nullsec.o)
 .text.spi_init
                0x00007d38       0x30 contiki-sky.a(spi.o)
                0x00007d38                spi_init
 .text.compower_accumulate
                0x00007d68       0x72 contiki-sky.a(compower.o)
                0x00007d68                compower_accumulate
 .text.compower_clear
                0x00007dda       0x12 contiki-sky.a(compower.o)
                0x00007dda                compower_clear
 .text.compower_attrconv
                0x00007dec       0x10 contiki-sky.a(compower.o)
                0x00007dec                compower_attrconv
 .text.memb_init
                0x00007dfc       0x36 contiki-sky.a(memb.o)
                0x00007dfc                memb_init
 .text.memb_alloc
                0x00007e32       0x3e contiki-sky.a(memb.o)
                0x00007e32                memb_alloc
 .text.memb_free
                0x00007e70       0x3a contiki-sky.a(memb.o)
                0x00007e70                memb_free
 .text.memb_inmemb
                0x00007eaa       0x2a contiki-sky.a(memb.o)
                0x00007eaa                memb_inmemb
 .text.get_bits_in_byte
                0x00007ed4       0x3a contiki-sky.a(chameleon-bitop)
 .text.header_size
                0x00007f0e       0x16 contiki-sky.a(chameleon-bitop)
 .text.get_bits
                0x00007f24       0xa2 contiki-sky.a(chameleon-bitop)
                0x00007f24                get_bits
 .text.unpack_header
                0x00007fc6       0xd8 contiki-sky.a(chameleon-bitop)
 .text.set_bits
                0x0000809e      0x124 contiki-sky.a(chameleon-bitop)
                0x0000809e                set_bits
 .text.pack_header
                0x000081c2       0xc6 contiki-sky.a(chameleon-bitop)
 .text.mac_sequence_is_duplicate
                0x00008288       0x6e contiki-sky.a(mac-sequence.o)
                0x00008288                mac_sequence_is_duplicate
 .text.mac_sequence_register_seqno
                0x000082f6       0x78 contiki-sky.a(mac-sequence.o)
                0x000082f6                mac_sequence_register_seqno
 .text.create_frame.isra.0
                0x0000836e      0x114 contiki-sky.a(framer-802154.o)
 .text.create   0x00008482        0x8 contiki-sky.a(framer-802154.o)
 .text.hdr_length
                0x0000848a        0x8 contiki-sky.a(framer-802154.o)
 .text.parse    0x00008492       0xa8 contiki-sky.a(framer-802154.o)
 .text.frame802154_get_pan_id
                0x0000853a        0x6 contiki-sky.a(frame802154.o)
                0x0000853a                frame802154_get_pan_id
 .text.frame802154_has_panid
                0x00008540       0x78 contiki-sky.a(frame802154.o)
                0x00008540                frame802154_has_panid
 .text.field_len
                0x000085b8       0xac contiki-sky.a(frame802154.o)
 .text.frame802154_is_broadcast_addr
                0x00008664       0x28 contiki-sky.a(frame802154.o)
                0x00008664                frame802154_is_broadcast_addr
 .text.frame802154_hdrlen
                0x0000868c       0x32 contiki-sky.a(frame802154.o)
                0x0000868c                frame802154_hdrlen
 .text.frame802154_create
                0x000086be      0x16a contiki-sky.a(frame802154.o)
                0x000086be                frame802154_create
 .text.frame802154_parse
                0x00008828      0x200 contiki-sky.a(frame802154.o)
                0x00008828                frame802154_parse
 .text.libgcc   0x00008a28       0x2c /usr/local/bin/../lib/gcc/msp430/4.7.2/mmpy-16/libgcc.a(_mulsi3.o)
                0x00008a28                __mulsi3
 .text.libgcc   0x00008a54       0x40 /usr/local/bin/../lib/gcc/msp430/4.7.2/mmpy-16/libgcc.a(_udivmod32.o)
                0x00008a54                __udivsi3
                0x00008a54                __ext_udivmod32
                0x00008a8a                __umodsi3
 .text.printf   0x00008a94       0x10 /usr/local/bin/../lib/gcc/msp430/4.7.2/../../../../msp430/lib/mmpy-16/libc.a(printf.o)
                0x00008a94                printf
 .text.print_field
                0x00008aa4      0x194 /usr/local/bin/../lib/gcc/msp430/4.7.2/../../../../msp430/lib/mmpy-16/libc.a(vuprintf.o)
 .text.vuprintf
                0x00008c38      0x63e /usr/local/bin/../lib/gcc/msp430/4.7.2/../../../../msp430/lib/mmpy-16/libc.a(vuprintf.o)
                0x00008c38                vuprintf
 .text.puts     0x00009276       0x2c /usr/local/bin/../lib/gcc/msp430/4.7.2/../../../../msp430/lib/mmpy-16/libc.a(puts.o)
                0x00009276                puts
 .text.rand     0x000092a2       0x26 /usr/local/bin/../lib/gcc/msp430/4.7.2/../../../../msp430/lib/mmpy-16/libc.a(rand.o)
                0x000092a2                rand
 .text.srand    0x000092c8        0xa /usr/local/bin/../lib/gcc/msp430/4.7.2/../../../../msp430/lib/mmpy-16/libc.a(rand.o)
                0x000092c8                srand
 .text.memcmp   0x000092d2       0x30 /usr/local/bin/../lib/gcc/msp430/4.7.2/../../../../msp430/lib/mmpy-16/libc.a(memcmp.o)
                0x000092d2                memcmp
 .text.memcpy   0x00009302       0xfa /usr/local/bin/../lib/gcc/msp430/4.7.2/../../../../msp430/lib/mmpy-16/libc.a(memcpy.o)
                0x00009302                memcpy
 .text.memset   0x000093fc       0x6a /usr/local/bin/../lib/gcc/msp430/4.7.2/../../../../msp430/lib/mmpy-16/libc.a(memset.o)
                0x000093fc                memset
 .text.libgcc   0x00009466       0x22 /usr/local/bin/../lib/gcc/msp430/4.7.2/mmpy-16/libgcc.a(_udivmod16.o)
                0x00009466                __udivhi3
                0x00009466                __ext_udivmod16
                0x00009480                __umodhi3
 .text.libgcc   0x00009488       0xf0 /usr/local/bin/../lib/gcc/msp430/4.7.2/mmpy-16/libgcc.a(_udivmod64.o)
                0x00009488                __xabi_udivmod64
                0x000094e6                __udivdi3
                0x0000950c                __umoddi3
                0x0000953a                __udivmoddi4
 .text.crt0     0x00009578        0x2 /usr/local/bin/../lib/gcc/msp430/4.7.2/mmpy-16/libcrt0.a(_unexpected_.o)
                0x00009578                _unexpected_
 *(.near.text .near.text.*)

.rodata         0x0000957c      0x4e9
                0x0000957c                . = ALIGN (0x2)
 *(.rodata .rodata.* .gnu.linkonce.r.*)
 .rodata        0x0000957c      0x2b0 CentralUnit.co
                0x00009810                autostart_processes
 .rodata        0x0000982c       0xe5 obj_sky/contiki-sky-main.o
 *fill*         0x00009911        0x1 00
 .rodata        0x00009912       0x10 contiki-sky.a(button-sensor.o)
                0x0000991a                button_sensor
 .rodata        0x00009922        0x8 contiki-sky.a(sensors.o)
 *fill*         0x0000992a        0x2 00
 .rodata.get_value
                0x0000992c       0x24 contiki-sky.a(cc2420.o)
 .rodata.set_value
                0x00009950       0x10 contiki-sky.a(cc2420.o)
 .rodata        0x00009960       0x3e contiki-sky.a(cc2420.o)
                0x00009960                cc2420_aes_128_driver
                0x00009964                cc2420_driver
 .rodata        0x0000999e        0xf contiki-sky.a(ctimer.o)
 .rodata        0x000099ad        0xc contiki-sky.a(etimer.o)
 .rodata        0x000099b9        0xe contiki-sky.a(serial-line.o)
 *fill*         0x000099c7        0x1 00
 .rodata        0x000099c8        0xc contiki-sky.a(rime.o)
                0x000099ce                rime_driver
 .rodata        0x000099d4        0x4 contiki-sky.a(broadcast-annou)
 .rodata        0x000099d8        0xe contiki-sky.a(runicast.o)
 .rodata        0x000099e6        0x4 contiki-sky.a(stunicast.o)
 .rodata        0x000099ea        0x8 contiki-sky.a(broadcast.o)
 .rodata        0x000099f2        0xa contiki-sky.a(unicast.o)
 .rodata        0x000099fc        0x2 contiki-sky.a(abc.o)
 .rodata        0x000099fe       0x14 contiki-sky.a(csma.o)
                0x00009a04                csma_driver
 .rodata        0x00009a12        0x2 contiki-sky.a(linkaddr.o)
                0x00009a12                linkaddr_null
 .rodata        0x00009a14       0x1c contiki-sky.a(contikimac.o)
                0x00009a20                contikimac_driver
 .rodata        0x00009a30        0x6 contiki-sky.a(contikimac-fram)
                0x00009a30                contikimac_framer
 .rodata        0x00009a36       0x10 contiki-sky.a(nullsec.o)
                0x00009a3e                nullsec_driver
 .rodata        0x00009a46       0x10 contiki-sky.a(chameleon-bitop)
                0x00009a46                chameleon_bitopt
 .rodata        0x00009a56        0x6 contiki-sky.a(framer-802154.o)
                0x00009a56                framer_802154
 .rodata        0x00009a5c        0x2 contiki-sky.a(frame802154.o)
 .rodata.vuprintf
                0x00009a5e        0x7 /usr/local/bin/../lib/gcc/msp430/4.7.2/../../../../msp430/lib/mmpy-16/libc.a(vuprintf.o)
 *(.near.rodata .near.rodata.*)
                0x00009a66                . = ALIGN (0x2)
                0x00009a66                _etext = .

.data           0x00001100       0x72 load address 0x00009a66
                0x00001100                . = ALIGN (0x2)
                0x00001100                __data_start = .
 *(.data .data.* .gnu.linkonce.d.*)
 .data          0x00001100        0xa CentralUnit.co
                0x00001100                WaitCommand
 .data          0x0000110a        0x4 contiki-sky.a(contiki-sky-pla)
                0x0000110a                sensors
 .data          0x0000110e        0xa contiki-sky.a(sensors.o)
                0x0000110e                sensors_process
 .data          0x00001118        0xc contiki-sky.a(cc2420.o)
                0x00001118                cc2420_process
 .data          0x00001124        0x2 contiki-sky.a(msp430.o)
 .data          0x00001126        0xa contiki-sky.a(ctimer.o)
                0x00001126                ctimer_process
 .data          0x00001130        0xa contiki-sky.a(etimer.o)
                0x00001130                etimer_process
 .data          0x0000113a        0xa contiki-sky.a(serial-line.o)
                0x0000113a                serial_line_process
 .data          0x00001144       0x18 contiki-sky.a(csma.o)
 .data          0x0000115c       0x10 contiki-sky.a(queuebuf.o)
 .data          0x0000116c        0x2 contiki-sky.a(frame802154.o)
 .data.next     0x0000116e        0x4 /usr/local/bin/../lib/gcc/msp430/4.7.2/../../../../msp430/lib/mmpy-16/libc.a(rand.o)
 *(.near.data .near.data.*)
                0x00001172                . = ALIGN (0x2)
                0x00001172                _edata = .
                0x00009a66                __data_load_start = LOADADDR (.data)
                0x00000072                __data_size = SIZEOF (.data)

.bss            0x00001172     0x1226 load address 0x00009ad8
                0x00001172                __bss_start = .
 *(.bss .bss.*)
 .bss           0x00001172       0x78 CentralUnit.co
 .bss           0x000011ea        0xc obj_sky/contiki-sky-main.o
 .bss           0x000011f6        0x8 contiki-sky.a(button-sensor.o)
 .bss           0x000011fe        0x2 contiki-sky.a(node-id.o)
                0x000011fe                node_id
 .bss           0x00001200        0x6 contiki-sky.a(sensors.o)
 .bss           0x00001206        0xa contiki-sky.a(cc2420.o)
 .bss           0x00001210       0x9a contiki-sky.a(uart1.o)
 .bss           0x000012aa        0xa contiki-sky.a(clock.o)
 .bss           0x000012b4        0x1 contiki-sky.a(leds.o)
 *fill*         0x000012b5        0x1 00
 .bss           0x000012b6        0x2 contiki-sky.a(watchdog.o)
 .bss           0x000012b8        0x4 contiki-sky.a(ctimer.o)
 .bss           0x000012bc        0x6 contiki-sky.a(etimer.o)
 .bss           0x000012c2       0x38 contiki-sky.a(process.o)
                0x000012c2                process_current
                0x000012c4                process_list
 .bss           0x000012fa        0x2 contiki-sky.a(rtimer.o)
 .bss           0x000012fc      0x10a contiki-sky.a(serial-line.o)
 .bss           0x00001406        0x2 contiki-sky.a(rime.o)
 .bss           0x00001408       0x46 contiki-sky.a(broadcast-annou)
 .bss           0x0000144e        0x6 contiki-sky.a(announcement.o)
 .bss           0x00001454        0x2 contiki-sky.a(channel.o)
 .bss           0x00001456      0x124 contiki-sky.a(csma.o)
 .bss           0x0000157a      0xc20 contiki-sky.a(queuebuf.o)
 .bss           0x0000219a       0x86 contiki-sky.a(packetbuf.o)
 .bss           0x00002220       0x32 contiki-sky.a(contikimac.o)
 .bss           0x00002252        0x8 contiki-sky.a(compower.o)
 .bss           0x0000225a       0x80 contiki-sky.a(mac-sequence.o)
 .bss           0x000022da        0x2 contiki-sky.a(framer-802154.o)
 *(.near.bss .near.bss.*)
 *(COMMON)
 COMMON         0x000022dc        0x2 contiki-sky.a(contiki-sky-pla)
                0x000022dc                sensors_flags
 COMMON         0x000022de        0x8 contiki-sky.a(ds2411.o)
                0x000022de                ds2411_id
 COMMON         0x000022e6        0x1 contiki-sky.a(sensors.o)
                0x000022e6                sensors_event
 *fill*         0x000022e7        0x1 00
 COMMON         0x000022e8       0x10 contiki-sky.a(cc2420.o)
                0x000022e8                cc2420_last_rssi
                0x000022ea                cc2420_sfd_start_time
                0x000022ec                cc2420_time_of_departure
                0x000022ee                cc2420_time_of_arrival
                0x000022f0                cc2420_last_correlation
                0x000022f2                cc2420_authority_level_of_sender
                0x000022f4                cc2420_sfd_counter
                0x000022f6                cc2420_sfd_end_time
 COMMON         0x000022f8        0x2 contiki-sky.a(msp430.o)
                0x000022f8                msp430_dco_required
 COMMON         0x000022fa       0x56 contiki-sky.a(energest.o)
                0x000022fa                energest_total_time
                0x0000232a                energest_total_count
                0x0000232c                energest_current_mode
                0x00002338                energest_current_time
 COMMON         0x00002350        0x1 contiki-sky.a(process.o)
                0x00002350                process_maxevents
 COMMON         0x00002351        0x1 contiki-sky.a(serial-line.o)
                0x00002351                serial_line_event_message
 COMMON         0x00002352       0x3c contiki-sky.a(packetbuf.o)
                0x00002352                packetbuf_addrs
                0x0000235a                packetbuf_attrs
 COMMON         0x0000238e        0x2 contiki-sky.a(linkaddr.o)
                0x0000238e                linkaddr_node_addr
 COMMON         0x00002390        0x8 contiki-sky.a(compower.o)
                0x00002390                compower_idle_activity
                0x00002398                . = ALIGN (0x2)
                0x00002398                __bss_end = .
                0x00001226                __bss_size = SIZEOF (.bss)

.noinit         0x00002398        0x2 load address 0x00009ad8
                0x00002398                . = ALIGN (0x2)
                0x00002398                __noinit_start = .
 *(.noinit .noinit.*)
 .noinit.crt0   0x00002398        0x2 /usr/local/bin/../lib/gcc/msp430/4.7.2/mmpy-16/libcrt0.a(__watchdog_support.o)
                0x00002398                __wdt_clear_value
                0x0000239a                . = ALIGN (0x2)
                0x0000239a                __noinit_end = .
                0x0000239a                . = ALIGN (0x2)
                0x0000239a                _end = .

.infomem        0x00001000        0x0
                0x00001000                . = ALIGN (0x2)
 *(.infomem .infomem.*)

.infomemnobits  0x00001000        0x0
                0x00001000                . = ALIGN (0x2)
 *(.infomemnobits .infomemnobits.*)

.infoa          0x00001080        0x0
                0x00001080                . = ALIGN (0x2)
 *(.infoa .infoa.*)

.infob          0x00001000        0x0
                0x00001000                . = ALIGN (0x2)
 *(.infob .infob.*)

.infoc          0x00000000        0x0
                0x00000000                . = ALIGN (0x2)
 *(.infoc .infoc.*)

.infod          0x00000000        0x0
                0x00000000                . = ALIGN (0x2)
 *(.infod .infod.*)
                0x0000ffff                PROVIDE (__vte_0, 0xffff)
                0x0000ffff                PROVIDE (__vte_1, 0xffff)
                0x0000ffff                PROVIDE (__vte_2, 0xffff)
                0x0000ffff                PROVIDE (__vte_3, 0xffff)
                0x0000ffff                PROVIDE (__vte_4, 0xffff)
                0x0000ffff                PROVIDE (__vte_5, 0xffff)
                0x0000ffff                PROVIDE (__vte_6, 0xffff)
                0x0000ffff                PROVIDE (__vte_7, 0xffff)
                0x0000ffff                PROVIDE (__vte_8, 0xffff)
                0x0000ffff                PROVIDE (__vte_9, 0xffff)
                0x0000ffff                PROVIDE (__vte_10, 0xffff)
                0x0000ffff                PROVIDE (__vte_11, 0xffff)
                0x0000ffff                PROVIDE (__vte_12, 0xffff)
                0x0000ffff                PROVIDE (__vte_13, 0xffff)
                0x0000ffff                PROVIDE (__vte_14, 0xffff)
                0x0000ffff                PROVIDE (__vte_15, 0xffff)
                0x0000ffff                PROVIDE (__vte_16, 0xffff)
                0x0000ffff                PROVIDE (__vte_17, 0xffff)
                0x0000ffff                PROVIDE (__vte_18, 0xffff)
                0x0000ffff                PROVIDE (__vte_19, 0xffff)
                0x0000ffff                PROVIDE (__vte_20, 0xffff)
                0x0000ffff                PROVIDE (__vte_21, 0xffff)
                0x0000ffff                PROVIDE (__vte_22, 0xffff)
                0x0000ffff                PROVIDE (__vte_23, 0xffff)
                0x0000ffff                PROVIDE (__vte_24, 0xffff)
                0x0000ffff                PROVIDE (__vte_25, 0xffff)
                0x0000ffff                PROVIDE (__vte_26, 0xffff)
                0x0000ffff                PROVIDE (__vte_27, 0xffff)
                0x0000ffff                PROVIDE (__vte_28, 0xffff)
                0x0000ffff                PROVIDE (__vte_29, 0xffff)
                0x0000ffff                PROVIDE (__vte_30, 0xffff)
                0x0000ffff                PROVIDE (__vte_31, 0xffff)

.vectors        0x0000ffe0       0x20
                0x0000ffe0                __vectors_start = .
 *(.vectors*)
 .vectors       0x0000ffe0       0x20 /usr/local/bin/../lib/gcc/msp430/4.7.2/mmpy-16/crt0ivtbl16.o
                0x0000ffe0                __ivtbl_16
                0x00010000                _vectors_end = .

.fartext        0x00000000        0x0
                0x00000000                . = ALIGN (0x2)
 *(.fartext .fartext.*)

.far.text       0x00000000        0x0
                0x00000000                . = ALIGN (0x2)
 *(.far.text .far.text.*)

.far.rodata     0x00000000        0x0
                0x00000000                . = ALIGN (0x2)
 *(.far.rodata .far.rodata.*)
                0x00000000                . = ALIGN (0x2)
                0x00000000                _efartext = .

.far.data       0x00000000        0x0
                0x00000000                . = ALIGN (0x2)
                0x00000000                __far_data_start = .
 *(.far.data .far.data.*)
                0x00000000                . = ALIGN (0x2)
                0x00000000                _efardata = .
                0x00000000                __far_data_load_start = LOADADDR (.far.data)
                0x00000000                __far_data_size = SIZEOF (.far.data)

.far.bss        0x00000000        0x0
                0x00000000                . = ALIGN (0x2)
                0x00000000                __far_bss_start = .
 *(.far.bss .far.bss.*)
                0x00000000                . = ALIGN (0x2)
                0x00000000                __far_bss_end = .
                0x00000000                __far_bss_size = SIZEOF (.far.bss)
                0x00000000                . = ALIGN (0x2)
                0x00000000                _far_end = .

.profiler
 *(.profiler)

.stab           0x00000000    0x1b120
 *(.stab)
 .stab          0x00000000     0x1734 CentralUnit.co
 .stab          0x00001734     0x1074 obj_sky/contiki-sky-main.o
                               0x17a0 (size before relaxing)
 .stab          0x000027a8      0x24c contiki-sky.a(contiki-sky-pla)
                                0x5ac (size before relaxing)
 .stab          0x000029f4      0x468 contiki-sky.a(button-sensor.o)
                                0x7d4 (size before relaxing)
 .stab          0x00002e5c      0x624 contiki-sky.a(ds2411.o)
                                0xb34 (size before relaxing)
 .stab          0x00003480      0x9d8 contiki-sky.a(xmem.o)
                                0xf00 (size before relaxing)
 .stab          0x00003e58      0x2b8 contiki-sky.a(node-id.o)
                                0x4e0 (size before relaxing)
 .stab          0x00004110      0x684 contiki-sky.a(sensors.o)
                                0xbb8 (size before relaxing)
 .stab          0x00004794     0x2898 contiki-sky.a(cc2420.o)
                               0x2fc4 (size before relaxing)
 .stab          0x0000702c      0xa5c contiki-sky.a(cc2420-arch.o)
                               0x13ec (size before relaxing)
 .stab          0x00007a88      0x600 contiki-sky.a(uart1.o)
                                0x954 (size before relaxing)
 .stab          0x00008088      0x234 contiki-sky.a(uart1-putchar.o)
                                0x588 (size before relaxing)
 .stab          0x000082bc      0x72c contiki-sky.a(msp430.o)
                                0xa80 (size before relaxing)
 .stab          0x000089e8      0x930 contiki-sky.a(clock.o)
                                0xc84 (size before relaxing)
 .stab          0x00009318      0x5a0 contiki-sky.a(leds.o)
                                0x7ec (size before relaxing)
 .stab          0x000098b8      0x378 contiki-sky.a(leds-arch.o)
                                0x6cc (size before relaxing)
 .stab          0x00009c30      0x3cc contiki-sky.a(watchdog.o)
                                0x720 (size before relaxing)
 .stab          0x00009ffc      0x3b4 contiki-sky.a(rtimer-arch.o)
                                0x708 (size before relaxing)
 .stab          0x0000a3b0      0x294 contiki-sky.a(autostart.o)
                                0x534 (size before relaxing)
 .stab          0x0000a644      0x834 contiki-sky.a(ctimer.o)
                                0xba0 (size before relaxing)
 .stab          0x0000ae78      0x474 contiki-sky.a(energest.o)
                                0x6fc (size before relaxing)
 .stab          0x0000b2ec      0xa80 contiki-sky.a(etimer.o)
                                0xd50 (size before relaxing)
 .stab          0x0000bd6c      0xb94 contiki-sky.a(process.o)
                               0x102c (size before relaxing)
 .stab          0x0000c900      0x3cc contiki-sky.a(rtimer.o)
                                0x6b4 (size before relaxing)
 .stab          0x0000cccc      0x348 contiki-sky.a(timer.o)
                                0x588 (size before relaxing)
 .stab          0x0000d014      0x51c contiki-sky.a(serial-line.o)
                                0xa38 (size before relaxing)
 .stab          0x0000d530      0x3f0 contiki-sky.a(ringbuf.o)
                                0x630 (size before relaxing)
 .stab          0x0000d920      0x7bc contiki-sky.a(list.o)
                                0x7c8 (size before relaxing)
 .stab          0x0000e0dc      0x240 contiki-sky.a(random.o)
                                0x618 (size before relaxing)
 .stab          0x0000e31c      0xba0 contiki-sky.a(rime.o)
                               0x13ec (size before relaxing)
 .stab          0x0000eebc      0x978 contiki-sky.a(broadcast-annou)
                               0x15c0 (size before relaxing)
 .stab          0x0000f834      0x6b4 contiki-sky.a(announcement.o)
                                0x954 (size before relaxing)
 .stab          0x0000fee8      0x8e8 contiki-sky.a(runicast.o)
                               0x156c (size before relaxing)
 .stab          0x000107d0      0x87c contiki-sky.a(stunicast.o)
                               0x1500 (size before relaxing)
 .stab          0x0001104c      0x5dc contiki-sky.a(chameleon.o)
                               0x1230 (size before relaxing)
 .stab          0x00011628      0x600 contiki-sky.a(channel.o)
                               0x1278 (size before relaxing)
 .stab          0x00011c28      0x6cc contiki-sky.a(broadcast.o)
                               0x14f4 (size before relaxing)
 .stab          0x000122f4      0x618 contiki-sky.a(unicast.o)
                               0x1290 (size before relaxing)
 .stab          0x0001290c      0x660 contiki-sky.a(abc.o)
                               0x1488 (size before relaxing)
 .stab          0x00012f6c      0xcd8 contiki-sky.a(csma.o)
                               0x1668 (size before relaxing)
 .stab          0x00013c44      0x1f8 contiki-sky.a(mac.o)
                                0x4ec (size before relaxing)
 .stab          0x00013e3c      0xa38 contiki-sky.a(queuebuf.o)
                               0x1860 (size before relaxing)
 .stab          0x00014874      0xc48 contiki-sky.a(packetbuf.o)
                               0x1a88 (size before relaxing)
 .stab          0x000154bc      0x2ac contiki-sky.a(linkaddr.o)
                                0x6a8 (size before relaxing)
 .stab          0x00015768     0x1770 contiki-sky.a(contikimac.o)
                               0x2334 (size before relaxing)
 .stab          0x00016ed8      0x810 contiki-sky.a(contikimac-fram)
                                0xe4c (size before relaxing)
 .stab          0x000176e8      0x39c contiki-sky.a(nullsec.o)
                                0xccc (size before relaxing)
 .stab          0x00017a84      0x1f8 contiki-sky.a(spi.o)
                                0x420 (size before relaxing)
 .stab          0x00017c7c      0x4ec contiki-sky.a(compower.o)
                                0xcf0 (size before relaxing)
 .stab          0x00018168      0x5c4 contiki-sky.a(memb.o)
                                0xaf8 (size before relaxing)
 .stab          0x0001872c      0xd44 contiki-sky.a(chameleon-bitop)
                               0x19bc (size before relaxing)
 .stab          0x00019470      0x63c contiki-sky.a(mac-sequence.o)
                               0x147c (size before relaxing)
 .stab          0x00019aac      0x6d8 contiki-sky.a(framer-802154.o)
                                0xf18 (size before relaxing)
 .stab          0x0001a184      0xf9c contiki-sky.a(frame802154.o)
                               0x1788 (size before relaxing)

.stabstr        0x00000000    0x1612a
 *(.stabstr)
 .stabstr       0x00000000    0x1612a CentralUnit.co

.stab.excl
 *(.stab.excl)

.stab.exclstr
 *(.stab.exclstr)

.stab.index
 *(.stab.index)

.stab.indexstr
 *(.stab.indexstr)

.comment        0x00000000       0x30
 *(.comment)
 .comment       0x00000000       0x30 CentralUnit.co
                                 0x31 (size before relaxing)
 .comment       0x00000000       0x31 obj_sky/contiki-sky-main.o
 .comment       0x00000000       0x31 contiki-sky.a(contiki-sky-pla)
 .comment       0x00000000       0x31 contiki-sky.a(button-sensor.o)
 .comment       0x00000000       0x31 contiki-sky.a(ds2411.o)
 .comment       0x00000000       0x31 contiki-sky.a(xmem.o)
 .comment       0x00000000       0x31 contiki-sky.a(node-id.o)
 .comment       0x00000000       0x31 contiki-sky.a(sensors.o)
 .comment       0x00000000       0x31 contiki-sky.a(cc2420.o)
 .comment       0x00000000       0x31 contiki-sky.a(cc2420-arch.o)
 .comment       0x00000000       0x31 contiki-sky.a(uart1.o)
 .comment       0x00000000       0x31 contiki-sky.a(uart1-putchar.o)
 .comment       0x00000000       0x31 contiki-sky.a(msp430.o)
 .comment       0x00000000       0x31 contiki-sky.a(clock.o)
 .comment       0x00000000       0x31 contiki-sky.a(leds.o)
 .comment       0x00000000       0x31 contiki-sky.a(leds-arch.o)
 .comment       0x00000000       0x31 contiki-sky.a(watchdog.o)
 .comment       0x00000000       0x31 contiki-sky.a(rtimer-arch.o)
 .comment       0x00000000       0x31 contiki-sky.a(autostart.o)
 .comment       0x00000000       0x31 contiki-sky.a(ctimer.o)
 .comment       0x00000000       0x31 contiki-sky.a(energest.o)
 .comment       0x00000000       0x31 contiki-sky.a(etimer.o)
 .comment       0x00000000       0x31 contiki-sky.a(process.o)
 .comment       0x00000000       0x31 contiki-sky.a(rtimer.o)
 .comment       0x00000000       0x31 contiki-sky.a(timer.o)
 .comment       0x00000000       0x31 contiki-sky.a(serial-line.o)
 .comment       0x00000000       0x31 contiki-sky.a(ringbuf.o)
 .comment       0x00000000       0x31 contiki-sky.a(list.o)
 .comment       0x00000000       0x31 contiki-sky.a(random.o)
 .comment       0x00000000       0x31 contiki-sky.a(rime.o)
 .comment       0x00000000       0x31 contiki-sky.a(broadcast-annou)
 .comment       0x00000000       0x31 contiki-sky.a(announcement.o)
 .comment       0x00000000       0x31 contiki-sky.a(runicast.o)
 .comment       0x00000000       0x31 contiki-sky.a(stunicast.o)
 .comment       0x00000000       0x31 contiki-sky.a(chameleon.o)
 .comment       0x00000000       0x31 contiki-sky.a(channel.o)
 .comment       0x00000000       0x31 contiki-sky.a(broadcast.o)
 .comment       0x00000000       0x31 contiki-sky.a(unicast.o)
 .comment       0x00000000       0x31 contiki-sky.a(abc.o)
 .comment       0x00000000       0x31 contiki-sky.a(csma.o)
 .comment       0x00000000       0x31 contiki-sky.a(mac.o)
 .comment       0x00000000       0x31 contiki-sky.a(queuebuf.o)
 .comment       0x00000000       0x31 contiki-sky.a(packetbuf.o)
 .comment       0x00000000       0x31 contiki-sky.a(linkaddr.o)
 .comment       0x00000000       0x31 contiki-sky.a(contikimac.o)
 .comment       0x00000000       0x31 contiki-sky.a(contikimac-fram)
 .comment       0x00000000       0x31 contiki-sky.a(nullsec.o)
 .comment       0x00000000       0x31 contiki-sky.a(spi.o)
 .comment       0x00000000       0x31 contiki-sky.a(compower.o)
 .comment       0x00000000       0x31 contiki-sky.a(memb.o)
 .comment       0x00000000       0x31 contiki-sky.a(chameleon-bitop)
 .comment       0x00000000       0x31 contiki-sky.a(mac-sequence.o)
 .comment       0x00000000       0x31 contiki-sky.a(framer-802154.o)
 .comment       0x00000000       0x31 contiki-sky.a(frame802154.o)
 .comment       0x00000000       0x31 /usr/local/bin/../lib/gcc/msp430/4.7.2/../../../../msp430/lib/mmpy-16/libc.a(printf.o)
 .comment       0x00000000       0x31 /usr/local/bin/../lib/gcc/msp430/4.7.2/../../../../msp430/lib/mmpy-16/libc.a(vuprintf.o)
 .comment       0x00000000       0x31 /usr/local/bin/../lib/gcc/msp430/4.7.2/../../../../msp430/lib/mmpy-16/libc.a(puts.o)
 .comment       0x00000000       0x31 /usr/local/bin/../lib/gcc/msp430/4.7.2/../../../../msp430/lib/mmpy-16/libc.a(rand.o)
 .comment       0x00000000       0x31 /usr/local/bin/../lib/gcc/msp430/4.7.2/../../../../msp430/lib/mmpy-16/libc.a(memcmp.o)
 .comment       0x00000000       0x31 /usr/local/bin/../lib/gcc/msp430/4.7.2/../../../../msp430/lib/mmpy-16/libc.a(memcpy.o)
 .comment       0x00000000       0x31 /usr/local/bin/../lib/gcc/msp430/4.7.2/../../../../msp430/lib/mmpy-16/libc.a(memset.o)

.debug
 *(.debug)

.line
 *(.line)

.debug_srcinfo
 *(.debug_srcinfo)

.debug_sfnames
 *(.debug_sfnames)

.debug_aranges  0x00000000      0x178
 *(.debug_aranges)
 .debug_aranges
                0x00000000       0x14 /usr/local/bin/../lib/gcc/msp430/4.7.2/mmpy-16/crt0ivtbl16.o
 .debug_aranges
                0x00000014       0x14 /usr/local/bin/../lib/gcc/msp430/4.7.2/mmpy-16/libgcc.a(_mulsi3.o)
 .debug_aranges
                0x00000028       0x14 /usr/local/bin/../lib/gcc/msp430/4.7.2/mmpy-16/libgcc.a(_udivmod32.o)
 .debug_aranges
                0x0000003c       0x18 /usr/local/bin/../lib/gcc/msp430/4.7.2/../../../../msp430/lib/mmpy-16/libc.a(printf.o)
 .debug_aranges
                0x00000054       0x18 /usr/local/bin/../lib/gcc/msp430/4.7.2/../../../../msp430/lib/mmpy-16/libc.a(vuprintf.o)
 .debug_aranges
                0x0000006c       0x14 /usr/local/bin/../lib/gcc/msp430/4.7.2/../../../../msp430/lib/mmpy-16/libc.a(puts.o)
 .debug_aranges
                0x00000080       0x1c /usr/local/bin/../lib/gcc/msp430/4.7.2/../../../../msp430/lib/mmpy-16/libc.a(rand.o)
 .debug_aranges
                0x0000009c       0x14 /usr/local/bin/../lib/gcc/msp430/4.7.2/../../../../msp430/lib/mmpy-16/libc.a(memcmp.o)
 .debug_aranges
                0x000000b0       0x14 /usr/local/bin/../lib/gcc/msp430/4.7.2/../../../../msp430/lib/mmpy-16/libc.a(memcpy.o)
 .debug_aranges
                0x000000c4       0x14 /usr/local/bin/../lib/gcc/msp430/4.7.2/../../../../msp430/lib/mmpy-16/libc.a(memset.o)
 .debug_aranges
                0x000000d8       0x14 /usr/local/bin/../lib/gcc/msp430/4.7.2/mmpy-16/libgcc.a(_udivmod16.o)
 .debug_aranges
                0x000000ec       0x14 /usr/local/bin/../lib/gcc/msp430/4.7.2/mmpy-16/libgcc.a(_udivmod64.o)
 .debug_aranges
                0x00000100       0x14 /usr/local/bin/../lib/gcc/msp430/4.7.2/mmpy-16/libcrt0.a(__watchdog_support.o)
 .debug_aranges
                0x00000114       0x14 /usr/local/bin/../lib/gcc/msp430/4.7.2/mmpy-16/libcrt0.a(__init_stack.o)
 .debug_aranges
                0x00000128       0x14 /usr/local/bin/../lib/gcc/msp430/4.7.2/mmpy-16/libcrt0.a(_copy_data.o)
 .debug_aranges
                0x0000013c       0x14 /usr/local/bin/../lib/gcc/msp430/4.7.2/mmpy-16/libcrt0.a(_clear_bss.o)
 .debug_aranges
                0x00000150       0x14 /usr/local/bin/../lib/gcc/msp430/4.7.2/mmpy-16/libcrt0.a(_endless_loop__.o)
 .debug_aranges
                0x00000164       0x14 /usr/local/bin/../lib/gcc/msp430/4.7.2/mmpy-16/libcrt0.a(_unexpected_.o)

.debug_pubnames
 *(.debug_pubnames)

.debug_info     0x00000000     0x1272
 *(.debug_info)
 .debug_info    0x00000000       0x8f /usr/local/bin/../lib/gcc/msp430/4.7.2/mmpy-16/crt0ivtbl16.o
 .debug_info    0x0000008f       0x8c /usr/local/bin/../lib/gcc/msp430/4.7.2/mmpy-16/libgcc.a(_mulsi3.o)
 .debug_info    0x0000011b       0x8c /usr/local/bin/../lib/gcc/msp430/4.7.2/mmpy-16/libgcc.a(_udivmod32.o)
 .debug_info    0x000001a7      0x16e /usr/local/bin/../lib/gcc/msp430/4.7.2/../../../../msp430/lib/mmpy-16/libc.a(printf.o)
 .debug_info    0x00000315      0x5d4 /usr/local/bin/../lib/gcc/msp430/4.7.2/../../../../msp430/lib/mmpy-16/libc.a(vuprintf.o)
 .debug_info    0x000008e9       0xc7 /usr/local/bin/../lib/gcc/msp430/4.7.2/../../../../msp430/lib/mmpy-16/libc.a(puts.o)
 .debug_info    0x000009b0      0x146 /usr/local/bin/../lib/gcc/msp430/4.7.2/../../../../msp430/lib/mmpy-16/libc.a(rand.o)
 .debug_info    0x00000af6       0xe5 /usr/local/bin/../lib/gcc/msp430/4.7.2/../../../../msp430/lib/mmpy-16/libc.a(memcmp.o)
 .debug_info    0x00000bdb      0x12c /usr/local/bin/../lib/gcc/msp430/4.7.2/../../../../msp430/lib/mmpy-16/libc.a(memcpy.o)
 .debug_info    0x00000d07      0x117 /usr/local/bin/../lib/gcc/msp430/4.7.2/../../../../msp430/lib/mmpy-16/libc.a(memset.o)
 .debug_info    0x00000e1e       0x8c /usr/local/bin/../lib/gcc/msp430/4.7.2/mmpy-16/libgcc.a(_udivmod16.o)
 .debug_info    0x00000eaa       0x8c /usr/local/bin/../lib/gcc/msp430/4.7.2/mmpy-16/libgcc.a(_udivmod64.o)
 .debug_info    0x00000f36       0x8a /usr/local/bin/../lib/gcc/msp430/4.7.2/mmpy-16/libcrt0.a(__watchdog_support.o)
 .debug_info    0x00000fc0       0x8a /usr/local/bin/../lib/gcc/msp430/4.7.2/mmpy-16/libcrt0.a(__init_stack.o)
 .debug_info    0x0000104a       0x8a /usr/local/bin/../lib/gcc/msp430/4.7.2/mmpy-16/libcrt0.a(_copy_data.o)
 .debug_info    0x000010d4       0x8a /usr/local/bin/../lib/gcc/msp430/4.7.2/mmpy-16/libcrt0.a(_clear_bss.o)
 .debug_info    0x0000115e       0x8a /usr/local/bin/../lib/gcc/msp430/4.7.2/mmpy-16/libcrt0.a(_endless_loop__.o)
 .debug_info    0x000011e8       0x8a /usr/local/bin/../lib/gcc/msp430/4.7.2/mmpy-16/libcrt0.a(_unexpected_.o)
 *(.gnu.linkonce.wi.*)

.debug_abbrev   0x00000000      0x79c
 *(.debug_abbrev)
 .debug_abbrev  0x00000000       0x14 /usr/local/bin/../lib/gcc/msp430/4.7.2/mmpy-16/crt0ivtbl16.o
 .debug_abbrev  0x00000014       0x14 /usr/local/bin/../lib/gcc/msp430/4.7.2/mmpy-16/libgcc.a(_mulsi3.o)
 .debug_abbrev  0x00000028       0x14 /usr/local/bin/../lib/gcc/msp430/4.7.2/mmpy-16/libgcc.a(_udivmod32.o)
 .debug_abbrev  0x0000003c       0xfa /usr/local/bin/../lib/gcc/msp430/4.7.2/../../../../msp430/lib/mmpy-16/libc.a(printf.o)
 .debug_abbrev  0x00000136      0x23e /usr/local/bin/../lib/gcc/msp430/4.7.2/../../../../msp430/lib/mmpy-16/libc.a(vuprintf.o)
 .debug_abbrev  0x00000374       0xa3 /usr/local/bin/../lib/gcc/msp430/4.7.2/../../../../msp430/lib/mmpy-16/libc.a(puts.o)
 .debug_abbrev  0x00000417       0xfb /usr/local/bin/../lib/gcc/msp430/4.7.2/../../../../msp430/lib/mmpy-16/libc.a(rand.o)
 .debug_abbrev  0x00000512       0x9e /usr/local/bin/../lib/gcc/msp430/4.7.2/../../../../msp430/lib/mmpy-16/libc.a(memcmp.o)
 .debug_abbrev  0x000005b0       0xab /usr/local/bin/../lib/gcc/msp430/4.7.2/../../../../msp430/lib/mmpy-16/libc.a(memcpy.o)
 .debug_abbrev  0x0000065b       0xa1 /usr/local/bin/../lib/gcc/msp430/4.7.2/../../../../msp430/lib/mmpy-16/libc.a(memset.o)
 .debug_abbrev  0x000006fc       0x14 /usr/local/bin/../lib/gcc/msp430/4.7.2/mmpy-16/libgcc.a(_udivmod16.o)
 .debug_abbrev  0x00000710       0x14 /usr/local/bin/../lib/gcc/msp430/4.7.2/mmpy-16/libgcc.a(_udivmod64.o)
 .debug_abbrev  0x00000724       0x14 /usr/local/bin/../lib/gcc/msp430/4.7.2/mmpy-16/libcrt0.a(__watchdog_support.o)
 .debug_abbrev  0x00000738       0x14 /usr/local/bin/../lib/gcc/msp430/4.7.2/mmpy-16/libcrt0.a(__init_stack.o)
 .debug_abbrev  0x0000074c       0x14 /usr/local/bin/../lib/gcc/msp430/4.7.2/mmpy-16/libcrt0.a(_copy_data.o)
 .debug_abbrev  0x00000760       0x14 /usr/local/bin/../lib/gcc/msp430/4.7.2/mmpy-16/libcrt0.a(_clear_bss.o)
 .debug_abbrev  0x00000774       0x14 /usr/local/bin/../lib/gcc/msp430/4.7.2/mmpy-16/libcrt0.a(_endless_loop__.o)
 .debug_abbrev  0x00000788       0x14 /usr/local/bin/../lib/gcc/msp430/4.7.2/mmpy-16/libcrt0.a(_unexpected_.o)

.debug_line     0x00000000      0xbfb
 *(.debug_line)
 .debug_line    0x00000000       0x64 /usr/local/bin/../lib/gcc/msp430/4.7.2/mmpy-16/crt0ivtbl16.o
 .debug_line    0x00000064       0x77 /usr/local/bin/../lib/gcc/msp430/4.7.2/mmpy-16/libgcc.a(_mulsi3.o)
 .debug_line    0x000000db       0x7f /usr/local/bin/../lib/gcc/msp430/4.7.2/mmpy-16/libgcc.a(_udivmod32.o)
 .debug_line    0x0000015a       0xa9 /usr/local/bin/../lib/gcc/msp430/4.7.2/../../../../msp430/lib/mmpy-16/libc.a(printf.o)
 .debug_line    0x00000203      0x30a /usr/local/bin/../lib/gcc/msp430/4.7.2/../../../../msp430/lib/mmpy-16/libc.a(vuprintf.o)
 .debug_line    0x0000050d       0x65 /usr/local/bin/../lib/gcc/msp430/4.7.2/../../../../msp430/lib/mmpy-16/libc.a(puts.o)
 .debug_line    0x00000572       0x68 /usr/local/bin/../lib/gcc/msp430/4.7.2/../../../../msp430/lib/mmpy-16/libc.a(rand.o)
 .debug_line    0x000005da       0x8f /usr/local/bin/../lib/gcc/msp430/4.7.2/../../../../msp430/lib/mmpy-16/libc.a(memcmp.o)
 .debug_line    0x00000669      0x118 /usr/local/bin/../lib/gcc/msp430/4.7.2/../../../../msp430/lib/mmpy-16/libc.a(memcpy.o)
 .debug_line    0x00000781       0xf2 /usr/local/bin/../lib/gcc/msp430/4.7.2/../../../../msp430/lib/mmpy-16/libc.a(memset.o)
 .debug_line    0x00000873       0x70 /usr/local/bin/../lib/gcc/msp430/4.7.2/mmpy-16/libgcc.a(_udivmod16.o)
 .debug_line    0x000008e3       0xc9 /usr/local/bin/../lib/gcc/msp430/4.7.2/mmpy-16/libgcc.a(_udivmod64.o)
 .debug_line    0x000009ac       0x62 /usr/local/bin/../lib/gcc/msp430/4.7.2/mmpy-16/libcrt0.a(__watchdog_support.o)
 .debug_line    0x00000a0e       0x60 /usr/local/bin/../lib/gcc/msp430/4.7.2/mmpy-16/libcrt0.a(__init_stack.o)
 .debug_line    0x00000a6e       0x66 /usr/local/bin/../lib/gcc/msp430/4.7.2/mmpy-16/libcrt0.a(_copy_data.o)
 .debug_line    0x00000ad4       0x66 /usr/local/bin/../lib/gcc/msp430/4.7.2/mmpy-16/libcrt0.a(_clear_bss.o)
 .debug_line    0x00000b3a       0x61 /usr/local/bin/../lib/gcc/msp430/4.7.2/mmpy-16/libcrt0.a(_endless_loop__.o)
 .debug_line    0x00000b9b       0x60 /usr/local/bin/../lib/gcc/msp430/4.7.2/mmpy-16/libcrt0.a(_unexpected_.o)

.debug_frame    0x00000000      0x1b6
 *(.debug_frame)
 .debug_frame   0x00000000       0x2a /usr/local/bin/../lib/gcc/msp430/4.7.2/../../../../msp430/lib/mmpy-16/libc.a(printf.o)
 .debug_frame   0x0000002a       0xa0 /usr/local/bin/../lib/gcc/msp430/4.7.2/../../../../msp430/lib/mmpy-16/libc.a(vuprintf.o)
 .debug_frame   0x000000ca       0x24 /usr/local/bin/../lib/gcc/msp430/4.7.2/../../../../msp430/lib/mmpy-16/libc.a(puts.o)
 .debug_frame   0x000000ee       0x3c /usr/local/bin/../lib/gcc/msp430/4.7.2/../../../../msp430/lib/mmpy-16/libc.a(rand.o)
 .debug_frame   0x0000012a       0x28 /usr/local/bin/../lib/gcc/msp430/4.7.2/../../../../msp430/lib/mmpy-16/libc.a(memcmp.o)
 .debug_frame   0x00000152       0x32 /usr/local/bin/../lib/gcc/msp430/4.7.2/../../../../msp430/lib/mmpy-16/libc.a(memcpy.o)
 .debug_frame   0x00000184       0x32 /usr/local/bin/../lib/gcc/msp430/4.7.2/../../../../msp430/lib/mmpy-16/libc.a(memset.o)

.debug_str      0x00000000      0x3ca
 *(.debug_str)
 .debug_str     0x00000000       0xe2 /usr/local/bin/../lib/gcc/msp430/4.7.2/../../../../msp430/lib/mmpy-16/libc.a(printf.o)
                                0x12a (size before relaxing)
 .debug_str     0x000000e2      0x218 /usr/local/bin/../lib/gcc/msp430/4.7.2/../../../../msp430/lib/mmpy-16/libc.a(vuprintf.o)
                                0x375 (size before relaxing)
 .debug_str     0x000002fa       0x1d /usr/local/bin/../lib/gcc/msp430/4.7.2/../../../../msp430/lib/mmpy-16/libc.a(puts.o)
                                 0xef (size before relaxing)
 .debug_str     0x00000317       0x2f /usr/local/bin/../lib/gcc/msp430/4.7.2/../../../../msp430/lib/mmpy-16/libc.a(rand.o)
                                0x106 (size before relaxing)
 .debug_str     0x00000346       0x20 /usr/local/bin/../lib/gcc/msp430/4.7.2/../../../../msp430/lib/mmpy-16/libc.a(memcmp.o)
                                 0xf2 (size before relaxing)
 .debug_str     0x00000366       0x3e /usr/local/bin/../lib/gcc/msp430/4.7.2/../../../../msp430/lib/mmpy-16/libc.a(memcpy.o)
                                0x120 (size before relaxing)
 .debug_str     0x000003a4       0x26 /usr/local/bin/../lib/gcc/msp430/4.7.2/../../../../msp430/lib/mmpy-16/libc.a(memset.o)
                                0x11e (size before relaxing)

.debug_loc      0x00000000      0xbe1
 *(.debug_loc)
 .debug_loc     0x00000000       0x4c /usr/local/bin/../lib/gcc/msp430/4.7.2/../../../../msp430/lib/mmpy-16/libc.a(printf.o)
 .debug_loc     0x0000004c      0x80f /usr/local/bin/../lib/gcc/msp430/4.7.2/../../../../msp430/lib/mmpy-16/libc.a(vuprintf.o)
 .debug_loc     0x0000085b       0x26 /usr/local/bin/../lib/gcc/msp430/4.7.2/../../../../msp430/lib/mmpy-16/libc.a(puts.o)
 .debug_loc     0x00000881       0x4f /usr/local/bin/../lib/gcc/msp430/4.7.2/../../../../msp430/lib/mmpy-16/libc.a(rand.o)
 .debug_loc     0x000008d0       0x4d /usr/local/bin/../lib/gcc/msp430/4.7.2/../../../../msp430/lib/mmpy-16/libc.a(memcmp.o)
 .debug_loc     0x0000091d      0x1e3 /usr/local/bin/../lib/gcc/msp430/4.7.2/../../../../msp430/lib/mmpy-16/libc.a(memcpy.o)
 .debug_loc     0x00000b00       0xe1 /usr/local/bin/../lib/gcc/msp430/4.7.2/../../../../msp430/lib/mmpy-16/libc.a(memset.o)

.debug_macinfo
 *(.debug_macinfo)

.debug_pubtypes
 *(.debug_pubtypes)

.debug_ranges   0x00000000       0x60
 *(.debug_ranges)
 .debug_ranges  0x00000000        0xc /usr/local/bin/../lib/gcc/msp430/4.7.2/../../../../msp430/lib/mmpy-16/libc.a(printf.o)
 .debug_ranges  0x0000000c       0x24 /usr/local/bin/../lib/gcc/msp430/4.7.2/../../../../msp430/lib/mmpy-16/libc.a(vuprintf.o)
 .debug_ranges  0x00000030        0x8 /usr/local/bin/../lib/gcc/msp430/4.7.2/../../../../msp430/lib/mmpy-16/libc.a(puts.o)
 .debug_ranges  0x00000038       0x10 /usr/local/bin/../lib/gcc/msp430/4.7.2/../../../../msp430/lib/mmpy-16/libc.a(rand.o)
 .debug_ranges  0x00000048        0x8 /usr/local/bin/../lib/gcc/msp430/4.7.2/../../../../msp430/lib/mmpy-16/libc.a(memcmp.o)
 .debug_ranges  0x00000050        0x8 /usr/local/bin/../lib/gcc/msp430/4.7.2/../../../../msp430/lib/mmpy-16/libc.a(memcpy.o)
 .debug_ranges  0x00000058        0x8 /usr/local/bin/../lib/gcc/msp430/4.7.2/../../../../msp430/lib/mmpy-16/libc.a(memset.o)
                0x00003900                PROVIDE (__stack, (ORIGIN (ram) + 0x2800))
                0x00009a66                __data_start_rom = _etext
                0x00009ad8                __data_end_rom = (_etext + SIZEOF (.data))
OUTPUT(CentralUnit.sky elf32-msp430)
